[2025-12-04 11:27:08.154] main.cpp: ä¿¡å·æ§½è¿æ¥ç»æ:SUCCESS
[2025-12-04 11:27:13.827] main.cpp: ç»å½æåä¿¡å·è§¦åï¼åå¤å¤çè·³è½¬ï¼userId:22 userName:用户22
[2025-12-04 11:27:13.889] main.cpp: ChatWindowæ¾ç¤ºæåï¼è·³è½¬å®æ
[2025-12-04 11:27:13.889] main.cpp: ChatWindowå¤§å°: (800, 600)
[2025-12-04 11:27:13.889] main.cpp: ChatWindowä½ç½®: (100, 100)
[2025-12-20 18:48:17.646] main.cpp: ä¿¡å·æ§½è¿æ¥ç»æ:SUCCESS
[2025-12-20 18:48:30.290] main.cpp: ç»å½æåä¿¡å·è§¦åï¼åå¤å¤çè·³è½¬ï¼userId:22 userName:用户22
[2025-12-20 18:48:30.358] main.cpp: ChatWindowæ¾ç¤ºæåï¼è·³è½¬å®æ
[2025-12-20 18:48:30.358] main.cpp: ChatWindowå¤§å°: (800, 600)
[2025-12-20 18:48:30.358] main.cpp: ChatWindowä½ç½®: (100, 100)
[2025-12-20 18:49:03.832] main.cpp: ä¿¡å·æ§½è¿æ¥ç»æ:SUCCESS
[2025-12-20 18:49:15.569] main.cpp: ç»å½æåä¿¡å·è§¦åï¼åå¤å¤çè·³è½¬ï¼userId:26 userName:用户26
[2025-12-20 18:49:15.628] main.cpp: ChatWindowæ¾ç¤ºæåï¼è·³è½¬å®æ
[2025-12-20 18:49:15.628] main.cpp: ChatWindowå¤§å°: (800, 600)
[2025-12-20 18:49:15.628] main.cpp: ChatWindowä½ç½®: (100, 100)
[2025-12-20 18:49:56.803] main.cpp: ä¿¡å·æ§½è¿æ¥ç»æ:SUCCESS
[2025-12-20 18:50:17.912] main.cpp: ç»å½æåä¿¡å·è§¦åï¼åå¤å¤çè·³è½¬ï¼userId:22 userName:用户22
[2025-12-20 18:50:17.968] main.cpp: ChatWindowæ¾ç¤ºæåï¼è·³è½¬å®æ
[2025-12-20 18:50:17.968] main.cpp: ChatWindowå¤§å°: (800, 600)
[2025-12-20 18:50:17.968] main.cpp: ChatWindowä½ç½®: (100, 100)
[2025-12-24 21:13:35.939] main.cpp: ä¿¡å·æ§½è¿æ¥ç»æ:SUCCESS
[2025-12-24 21:13:43.584] main.cpp: ç»å½æåä¿¡å·è§¦åï¼åå¤å¤çè·³è½¬ï¼userId:22 userName:用户22
[2025-12-24 21:13:43.656] main.cpp: ChatWindowæ¾ç¤ºæåï¼è·³è½¬å®æ
[2025-12-24 21:13:43.656] main.cpp: ChatWindowå¤§å°: (800, 600)
[2025-12-24 21:13:43.656] main.cpp: ChatWindowä½ç½®: (100, 100)
[2025-12-24 21:13:54.236] main.cpp: ä¿¡å·æ§½è¿æ¥ç»æ:SUCCESS
[2025-12-24 21:14:02.085] main.cpp: ç»å½æåä¿¡å·è§¦åï¼åå¤å¤çè·³è½¬ï¼userId:26 userName:用户26
[2025-12-24 21:14:02.146] main.cpp: ChatWindowæ¾ç¤ºæåï¼è·³è½¬å®æ
[2025-12-24 21:14:02.146] main.cpp: ChatWindowå¤§å°: (800, 600)
[2025-12-24 21:14:02.146] main.cpp: ChatWindowä½ç½®: (100, 100)
[2025-12-24 21:20:34.844] main.cpp: ä¿¡å·æ§½è¿æ¥ç»æ:SUCCESS
[2025-12-24 21:20:43.867] main.cpp: ç»å½æåä¿¡å·è§¦åï¼åå¤å¤çè·³è½¬ï¼userId:22 userName:用户22
[2025-12-24 21:20:43.924] main.cpp: ChatWindowæ¾ç¤ºæåï¼è·³è½¬å®æ
[2025-12-24 21:20:43.924] main.cpp: ChatWindowå¤§å°: (800, 600)
[2025-12-24 21:20:43.924] main.cpp: ChatWindowä½ç½®: (100, 100)
[2025-12-24 21:20:55.001] main.cpp: ä¿¡å·æ§½è¿æ¥ç»æ:SUCCESS
[2025-12-24 21:21:03.500] main.cpp: ç»å½æåä¿¡å·è§¦åï¼åå¤å¤çè·³è½¬ï¼userId:26 userName:用户26
[2025-12-24 21:21:03.558] main.cpp: ChatWindowæ¾ç¤ºæåï¼è·³è½¬å®æ
[2025-12-24 21:21:03.558] main.cpp: ChatWindowå¤§å°: (800, 600)
[2025-12-24 21:21:03.558] main.cpp: ChatWindowä½ç½®: (100, 100)
[2025-12-24 21:31:44.091] main.cpp: ä¿¡å·æ§½è¿æ¥ç»æ:SUCCESS
[2025-12-24 21:31:48.524] main.cpp: ç»å½æåä¿¡å·è§¦åï¼åå¤å¤çè·³è½¬ï¼userId:22 userName:用户22
[2025-12-24 21:31:48.583] main.cpp: ChatWindowæ¾ç¤ºæåï¼è·³è½¬å®æ
[2025-12-24 21:31:48.583] main.cpp: ChatWindowå¤§å°: (800, 600)
[2025-12-24 21:31:48.583] main.cpp: ChatWindowä½ç½®: (100, 100)
[2025-12-24 21:31:56.067] main.cpp: ä¿¡å·æ§½è¿æ¥ç»æ:SUCCESS
[2025-12-24 21:32:05.569] main.cpp: ç»å½æåä¿¡å·è§¦åï¼åå¤å¤çè·³è½¬ï¼userId:26 userName:用户26
[2025-12-24 21:32:05.628] main.cpp: ChatWindowæ¾ç¤ºæåï¼è·³è½¬å®æ
[2025-12-24 21:32:05.628] main.cpp: ChatWindowå¤§å°: (800, 600)
[2025-12-24 21:32:05.628] main.cpp: ChatWindowä½ç½®: (100, 100)
[2025-12-24 21:38:34.196] main.cpp: ä¿¡å·æ§½è¿æ¥ç»æ:SUCCESS
[2025-12-24 21:38:38.248] main.cpp: ç»å½æåä¿¡å·è§¦åï¼åå¤å¤çè·³è½¬ï¼userId:22 userName:用户22
[2025-12-24 21:38:38.307] main.cpp: ChatWindowæ¾ç¤ºæåï¼è·³è½¬å®æ
[2025-12-24 21:38:38.307] main.cpp: ChatWindowå¤§å°: (800, 600)
[2025-12-24 21:38:38.307] main.cpp: ChatWindowä½ç½®: (100, 100)
[2025-12-24 21:38:54.290] main.cpp: ä¿¡å·æ§½è¿æ¥ç»æ:SUCCESS
[2025-12-24 21:39:00.940] main.cpp: ç»å½æåä¿¡å·è§¦åï¼åå¤å¤çè·³è½¬ï¼userId:26 userName:用户26
[2025-12-24 21:39:00.997] main.cpp: ChatWindowæ¾ç¤ºæåï¼è·³è½¬å®æ
[2025-12-24 21:39:00.997] main.cpp: ChatWindowå¤§å°: (800, 600)
[2025-12-24 21:39:00.997] main.cpp: ChatWindowä½ç½®: (100, 100)
[2025-12-24 22:37:52.887] main.cpp: ä¿¡å·æ§½è¿æ¥ç»æ:SUCCESS
[2025-12-24 22:37:57.174] main.cpp: ç»å½æåä¿¡å·è§¦åï¼åå¤å¤çè·³è½¬ï¼userId:22 userName:用户22
[2025-12-24 22:37:57.248] main.cpp: ChatWindowæ¾ç¤ºæåï¼è·³è½¬å®æ
[2025-12-24 22:37:57.248] main.cpp: ChatWindowå¤§å°: (800, 600)
[2025-12-24 22:37:57.248] main.cpp: ChatWindowä½ç½®: (100, 100)
[2025-12-24 22:38:04.148] main.cpp: ä¿¡å·æ§½è¿æ¥ç»æ:SUCCESS
[2025-12-24 22:38:10.375] main.cpp: ç»å½æåä¿¡å·è§¦åï¼åå¤å¤çè·³è½¬ï¼userId:26 userName:用户26
[2025-12-24 22:38:10.432] main.cpp: ChatWindowæ¾ç¤ºæåï¼è·³è½¬å®æ
[2025-12-24 22:38:10.432] main.cpp: ChatWindowå¤§å°: (800, 600)
[2025-12-24 22:38:10.432] main.cpp: ChatWindowä½ç½®: (100, 100)
[2025-12-24 22:43:55.379] main.cpp: ä¿¡å·æ§½è¿æ¥ç»æ:SUCCESS
[2025-12-24 22:53:31.782] main.cpp: ä¿¡å·æ§½è¿æ¥ç»æ:SUCCESS
[2025-12-24 22:53:38.555] main.cpp: ç»å½æåä¿¡å·è§¦åï¼åå¤å¤çè·³è½¬ï¼userId:22 userName:用户22
[2025-12-24 22:53:38.613] main.cpp: ChatWindowæ¾ç¤ºæåï¼è·³è½¬å®æ
[2025-12-24 22:53:38.613] main.cpp: ChatWindowå¤§å°: (800, 600)
[2025-12-24 22:53:38.613] main.cpp: ChatWindowä½ç½®: (100, 100)
[2025-12-24 22:53:45.659] main.cpp: ä¿¡å·æ§½è¿æ¥ç»æ:SUCCESS
[2025-12-24 22:53:55.023] main.cpp: ç»å½æåä¿¡å·è§¦åï¼åå¤å¤çè·³è½¬ï¼userId:26 userName:用户26
[2025-12-24 22:53:55.082] main.cpp: ChatWindowæ¾ç¤ºæåï¼è·³è½¬å®æ
[2025-12-24 22:53:55.082] main.cpp: ChatWindowå¤§å°: (800, 600)
[2025-12-24 22:53:55.082] main.cpp: ChatWindowä½ç½®: (100, 100)
[2025-12-24 22:57:54.261] main.cpp: ä¿¡å·æ§½è¿æ¥ç»æ:SUCCESS
[2025-12-24 22:57:58.147] main.cpp: ç»å½æåä¿¡å·è§¦åï¼åå¤å¤çè·³è½¬ï¼userId:22 userName:用户22
[2025-12-24 22:57:58.207] main.cpp: ChatWindowæ¾ç¤ºæåï¼è·³è½¬å®æ
[2025-12-24 22:57:58.207] main.cpp: ChatWindowå¤§å°: (800, 600)
[2025-12-24 22:57:58.207] main.cpp: ChatWindowä½ç½®: (100, 100)
[2025-12-24 22:58:04.900] main.cpp: ä¿¡å·æ§½è¿æ¥ç»æ:SUCCESS
[2025-12-24 22:58:12.780] main.cpp: ç»å½æåä¿¡å·è§¦åï¼åå¤å¤çè·³è½¬ï¼userId:26 userName:用户26
[2025-12-24 22:58:12.837] main.cpp: ChatWindowæ¾ç¤ºæåï¼è·³è½¬å®æ
[2025-12-24 22:58:12.837] main.cpp: ChatWindowå¤§å°: (800, 600)
[2025-12-24 22:58:12.837] main.cpp: ChatWindowä½ç½®: (100, 100)
[2025-12-24 23:02:33.098] main.cpp: ä¿¡å·æ§½è¿æ¥ç»æ:SUCCESS
[2025-12-24 23:02:40.540] main.cpp: ä¿¡å·æ§½è¿æ¥ç»æ:SUCCESS
[2025-12-24 23:02:48.105] main.cpp: ç»å½æåä¿¡å·è§¦åï¼åå¤å¤çè·³è½¬ï¼userId:22 userName:用户22
[2025-12-24 23:02:48.205] main.cpp: ChatWindowæ¾ç¤ºæåï¼è·³è½¬å®æ
[2025-12-24 23:02:48.205] main.cpp: ChatWindowå¤§å°: (800, 600)
[2025-12-24 23:02:48.206] main.cpp: ChatWindowä½ç½®: (100, 100)
[2025-12-24 23:02:54.534] main.cpp: ç»å½æåä¿¡å·è§¦åï¼åå¤å¤çè·³è½¬ï¼userId:26 userName:用户26
[2025-12-24 23:02:54.618] main.cpp: ChatWindowæ¾ç¤ºæåï¼è·³è½¬å®æ
[2025-12-24 23:02:54.620] main.cpp: ChatWindowå¤§å°: (800, 600)
[2025-12-24 23:02:54.621] main.cpp: ChatWindowä½ç½®: (100, 100)
[2025-12-24 23:08:11.708] main.cpp: ä¿¡å·æ§½è¿æ¥ç»æ:SUCCESS
[2025-12-24 23:08:17.811] main.cpp: ä¿¡å·æ§½è¿æ¥ç»æ:SUCCESS
[2025-12-24 23:08:24.544] main.cpp: ç»å½æåä¿¡å·è§¦åï¼åå¤å¤çè·³è½¬ï¼userId:22 userName:用户22
[2025-12-24 23:08:24.682] main.cpp: ChatWindowæ¾ç¤ºæåï¼è·³è½¬å®æ
[2025-12-24 23:08:24.682] main.cpp: ChatWindowå¤§å°: (800, 600)
[2025-12-24 23:08:24.682] main.cpp: ChatWindowä½ç½®: (100, 100)
[2025-12-24 23:08:31.279] main.cpp: ç»å½æåä¿¡å·è§¦åï¼åå¤å¤çè·³è½¬ï¼userId:26 userName:用户26
[2025-12-24 23:08:31.407] main.cpp: ChatWindowæ¾ç¤ºæåï¼è·³è½¬å®æ
[2025-12-24 23:08:31.407] main.cpp: ChatWindowå¤§å°: (800, 600)
[2025-12-24 23:08:31.408] main.cpp: ChatWindowä½ç½®: (100, 100)
[2025-12-24 23:11:49.236] main.cpp: ä¿¡å·æ§½è¿æ¥ç»æ:SUCCESS
[2025-12-24 23:11:55.430] main.cpp: ç»å½æåä¿¡å·è§¦åï¼åå¤å¤çè·³è½¬ï¼userId:22 userName:用户22
[2025-12-24 23:11:55.532] main.cpp: ChatWindowæ¾ç¤ºæåï¼è·³è½¬å®æ
[2025-12-24 23:11:55.532] main.cpp: ChatWindowå¤§å°: (800, 600)
[2025-12-24 23:11:55.532] main.cpp: ChatWindowä½ç½®: (100, 100)
[2025-12-24 23:12:02.749] main.cpp: ä¿¡å·æ§½è¿æ¥ç»æ:SUCCESS
[2025-12-24 23:12:10.476] main.cpp: ç»å½æåä¿¡å·è§¦åï¼åå¤å¤çè·³è½¬ï¼userId:26 userName:用户26
[2025-12-24 23:12:10.605] main.cpp: ChatWindowæ¾ç¤ºæåï¼è·³è½¬å®æ
[2025-12-24 23:12:10.605] main.cpp: ChatWindowå¤§å°: (800, 600)
[2025-12-24 23:12:10.605] main.cpp: ChatWindowä½ç½®: (100, 100)
[2025-12-24 23:15:58.986] main.cpp: ä¿¡å·æ§½è¿æ¥ç»æ:SUCCESS
[2025-12-24 23:16:05.766] main.cpp: ç»å½æåä¿¡å·è§¦åï¼åå¤å¤çè·³è½¬ï¼userId:22 userName:用户22
[2025-12-24 23:16:05.882] main.cpp: ChatWindowæ¾ç¤ºæåï¼è·³è½¬å®æ
[2025-12-24 23:16:05.883] main.cpp: ChatWindowå¤§å°: (800, 600)
[2025-12-24 23:16:05.883] main.cpp: ChatWindowä½ç½®: (100, 100)
[2025-12-24 23:16:12.813] main.cpp: ä¿¡å·æ§½è¿æ¥ç»æ:SUCCESS
[2025-12-24 23:16:20.332] main.cpp: ç»å½æåä¿¡å·è§¦åï¼åå¤å¤çè·³è½¬ï¼userId:26 userName:用户26
[2025-12-24 23:16:20.442] main.cpp: ChatWindowæ¾ç¤ºæåï¼è·³è½¬å®æ
[2025-12-24 23:16:20.443] main.cpp: ChatWindowå¤§å°: (800, 600)
[2025-12-24 23:16:20.443] main.cpp: ChatWindowä½ç½®: (100, 100)
[2025-12-24 23:31:06.605] main.cpp: ä¿¡å·æ§½è¿æ¥ç»æ:SUCCESS
[2025-12-24 23:31:11.801] main.cpp: ç»å½æåä¿¡å·è§¦åï¼åå¤å¤çè·³è½¬ï¼userId:22 userName:用户22
[2025-12-24 23:31:11.910] main.cpp: ChatWindowæ¾ç¤ºæåï¼è·³è½¬å®æ
[2025-12-24 23:31:11.910] main.cpp: ChatWindowå¤§å°: (800, 600)
[2025-12-24 23:31:11.910] main.cpp: ChatWindowä½ç½®: (100, 100)
[2025-12-24 23:31:18.485] main.cpp: ä¿¡å·æ§½è¿æ¥ç»æ:SUCCESS
[2025-12-24 23:31:26.901] main.cpp: ç»å½æåä¿¡å·è§¦åï¼åå¤å¤çè·³è½¬ï¼userId:26 userName:用户26
[2025-12-24 23:31:26.995] main.cpp: ChatWindowæ¾ç¤ºæåï¼è·³è½¬å®æ
[2025-12-24 23:31:26.995] main.cpp: ChatWindowå¤§å°: (800, 600)
[2025-12-24 23:31:26.995] main.cpp: ChatWindowä½ç½®: (100, 100)
[2025-12-24 23:34:53.900] main.cpp: ä¿¡å·æ§½è¿æ¥ç»æ:SUCCESS
[2025-12-24 23:34:58.530] main.cpp: ç»å½æåä¿¡å·è§¦åï¼åå¤å¤çè·³è½¬ï¼userId:22 userName:用户22
[2025-12-24 23:34:58.644] main.cpp: ChatWindowæ¾ç¤ºæåï¼è·³è½¬å®æ
[2025-12-24 23:34:58.645] main.cpp: ChatWindowå¤§å°: (800, 600)
[2025-12-24 23:34:58.645] main.cpp: ChatWindowä½ç½®: (100, 100)
[2025-12-24 23:35:04.259] main.cpp: ä¿¡å·æ§½è¿æ¥ç»æ:SUCCESS
[2025-12-24 23:35:11.404] main.cpp: ç»å½æåä¿¡å·è§¦åï¼åå¤å¤çè·³è½¬ï¼userId:26 userName:用户26
[2025-12-24 23:35:11.512] main.cpp: ChatWindowæ¾ç¤ºæåï¼è·³è½¬å®æ
[2025-12-24 23:35:11.512] main.cpp: ChatWindowå¤§å°: (800, 600)
[2025-12-24 23:35:11.513] main.cpp: ChatWindowä½ç½®: (100, 100)
[2025-12-25 00:03:23.868] main.cpp: ä¿¡å·æ§½è¿æ¥ç»æ:SUCCESS
[2025-12-25 00:03:42.854] main.cpp: ä¿¡å·æ§½è¿æ¥ç»æ:SUCCESS
[2025-12-25 00:03:49.387] main.cpp: ç»å½æåä¿¡å·è§¦åï¼åå¤å¤çè·³è½¬ï¼userId:22 userName:用户22
[2025-12-25 00:03:49.486] main.cpp: ChatWindowæ¾ç¤ºæåï¼è·³è½¬å®æ
[2025-12-25 00:03:49.488] main.cpp: ChatWindowå¤§å°: (800, 600)
[2025-12-25 00:03:49.489] main.cpp: ChatWindowä½ç½®: (100, 100)
[2025-12-25 00:03:57.702] main.cpp: ç»å½æåä¿¡å·è§¦åï¼åå¤å¤çè·³è½¬ï¼userId:26 userName:用户26
[2025-12-25 00:03:57.789] main.cpp: ChatWindowæ¾ç¤ºæåï¼è·³è½¬å®æ
[2025-12-25 00:03:57.792] main.cpp: ChatWindowå¤§å°: (800, 600)
[2025-12-25 00:03:57.793] main.cpp: ChatWindowä½ç½®: (100, 100)
[2025-12-25 00:23:02.072] main.cpp: ä¿¡å·æ§½è¿æ¥ç»æ:SUCCESS
[2025-12-25 00:23:07.924] main.cpp: ä¿¡å·æ§½è¿æ¥ç»æ:SUCCESS
[2025-12-25 00:23:16.875] main.cpp: ç»å½æåä¿¡å·è§¦åï¼åå¤å¤çè·³è½¬ï¼userId:22 userName:用户22
[2025-12-25 00:23:16.991] main.cpp: ChatWindowæ¾ç¤ºæåï¼è·³è½¬å®æ
[2025-12-25 00:23:16.994] main.cpp: ChatWindowå¤§å°: (800, 600)
[2025-12-25 00:23:16.995] main.cpp: ChatWindowä½ç½®: (100, 100)
[2025-12-25 00:23:23.979] main.cpp: ç»å½æåä¿¡å·è§¦åï¼åå¤å¤çè·³è½¬ï¼userId:26 userName:用户26
[2025-12-25 00:23:24.097] main.cpp: ChatWindowæ¾ç¤ºæåï¼è·³è½¬å®æ
[2025-12-25 00:23:24.097] main.cpp: ChatWindowå¤§å°: (800, 600)
[2025-12-25 00:23:24.097] main.cpp: ChatWindowä½ç½®: (100, 100)
[2025-12-25 00:32:47.519] main.cpp: ä¿¡å·æ§½è¿æ¥ç»æ:SUCCESS
[2025-12-25 00:32:59.692] main.cpp: ä¿¡å·æ§½è¿æ¥ç»æ:SUCCESS
[2025-12-25 00:33:07.629] main.cpp: ç»å½æåä¿¡å·è§¦åï¼åå¤å¤çè·³è½¬ï¼userId:22 userName:用户22
[2025-12-25 00:33:07.737] main.cpp: ChatWindowæ¾ç¤ºæåï¼è·³è½¬å®æ
[2025-12-25 00:33:07.737] main.cpp: ChatWindowå¤§å°: (800, 600)
[2025-12-25 00:33:07.737] main.cpp: ChatWindowä½ç½®: (100, 100)
[2025-12-25 00:33:16.936] main.cpp: ç»å½æåä¿¡å·è§¦åï¼åå¤å¤çè·³è½¬ï¼userId:26 userName:用户26
[2025-12-25 00:33:17.036] main.cpp: ChatWindowæ¾ç¤ºæåï¼è·³è½¬å®æ
[2025-12-25 00:33:17.037] main.cpp: ChatWindowå¤§å°: (800, 600)
[2025-12-25 00:33:17.037] main.cpp: ChatWindowä½ç½®: (100, 100)
[2025-12-25 13:31:25.453] main.cpp: ä¿¡å·æ§½è¿æ¥ç»æ:SUCCESS
[2025-12-25 13:31:32.296] main.cpp: ç»å½æåä¿¡å·è§¦åï¼åå¤å¤çè·³è½¬ï¼userId:22 userName:用户22
[2025-12-25 13:31:32.365] main.cpp: ChatWindowæ¾ç¤ºæåï¼è·³è½¬å®æ
[2025-12-25 13:31:32.365] main.cpp: ChatWindowå¤§å°: (800, 600)
[2025-12-25 13:31:32.365] main.cpp: ChatWindowä½ç½®: (100, 100)
[2025-12-25 13:31:46.514] main.cpp: ä¿¡å·æ§½è¿æ¥ç»æ:SUCCESS
[2025-12-25 13:31:54.250] main.cpp: ç»å½æåä¿¡å·è§¦åï¼åå¤å¤çè·³è½¬ï¼userId:26 userName:用户26
[2025-12-25 13:31:54.308] main.cpp: ChatWindowæ¾ç¤ºæåï¼è·³è½¬å®æ
[2025-12-25 13:31:54.308] main.cpp: ChatWindowå¤§å°: (800, 600)
[2025-12-25 13:31:54.308] main.cpp: ChatWindowä½ç½®: (100, 100)
[2025-12-25 13:37:12.999] main.cpp: ä¿¡å·æ§½è¿æ¥ç»æ:SUCCESS
[2025-12-25 13:37:21.903] main.cpp: ç»å½æåä¿¡å·è§¦åï¼åå¤å¤çè·³è½¬ï¼userId:22 userName:用户22
[2025-12-25 13:37:21.965] main.cpp: ChatWindowæ¾ç¤ºæåï¼è·³è½¬å®æ
[2025-12-25 13:37:21.965] main.cpp: ChatWindowå¤§å°: (800, 600)
[2025-12-25 13:37:21.965] main.cpp: ChatWindowä½ç½®: (100, 100)
[2025-12-25 13:37:29.611] main.cpp: ä¿¡å·æ§½è¿æ¥ç»æ:SUCCESS
[2025-12-25 13:37:37.776] main.cpp: ç»å½æåä¿¡å·è§¦åï¼åå¤å¤çè·³è½¬ï¼userId:26 userName:用户26
[2025-12-25 13:37:37.834] main.cpp: ChatWindowæ¾ç¤ºæåï¼è·³è½¬å®æ
[2025-12-25 13:37:37.834] main.cpp: ChatWindowå¤§å°: (800, 600)
[2025-12-25 13:37:37.834] main.cpp: ChatWindowä½ç½®: (100, 100)
[2025-12-25 13:41:37.733] main.cpp: ä¿¡å·æ§½è¿æ¥ç»æ:SUCCESS
[2025-12-25 13:41:44.131] main.cpp: ç»å½æåä¿¡å·è§¦åï¼åå¤å¤çè·³è½¬ï¼userId:22 userName:用户22
[2025-12-25 13:41:44.189] main.cpp: ChatWindowæ¾ç¤ºæåï¼è·³è½¬å®æ
[2025-12-25 13:41:44.189] main.cpp: ChatWindowå¤§å°: (800, 600)
[2025-12-25 13:41:44.189] main.cpp: ChatWindowä½ç½®: (100, 100)
[2025-12-25 13:41:50.027] main.cpp: ä¿¡å·æ§½è¿æ¥ç»æ:SUCCESS
[2025-12-25 13:41:56.289] main.cpp: ç»å½æåä¿¡å·è§¦åï¼åå¤å¤çè·³è½¬ï¼userId:26 userName:用户26
[2025-12-25 13:41:56.347] main.cpp: ChatWindowæ¾ç¤ºæåï¼è·³è½¬å®æ
[2025-12-25 13:41:56.347] main.cpp: ChatWindowå¤§å°: (800, 600)
[2025-12-25 13:41:56.347] main.cpp: ChatWindowä½ç½®: (100, 100)
[2025-12-25 13:46:59.336] main.cpp: ä¿¡å·æ§½è¿æ¥ç»æ:SUCCESS
[2025-12-25 13:47:03.559] main.cpp: ç»å½æåä¿¡å·è§¦åï¼åå¤å¤çè·³è½¬ï¼userId:22 userName:用户22
[2025-12-25 13:47:03.617] main.cpp: ChatWindowæ¾ç¤ºæåï¼è·³è½¬å®æ
[2025-12-25 13:47:03.617] main.cpp: ChatWindowå¤§å°: (800, 600)
[2025-12-25 13:47:03.617] main.cpp: ChatWindowä½ç½®: (100, 100)
[2025-12-25 13:47:08.668] main.cpp: ä¿¡å·æ§½è¿æ¥ç»æ:SUCCESS
[2025-12-25 13:47:15.764] main.cpp: ç»å½æåä¿¡å·è§¦åï¼åå¤å¤çè·³è½¬ï¼userId:26 userName:用户26
[2025-12-25 13:47:15.822] main.cpp: ChatWindowæ¾ç¤ºæåï¼è·³è½¬å®æ
[2025-12-25 13:47:15.822] main.cpp: ChatWindowå¤§å°: (800, 600)
[2025-12-25 13:47:15.822] main.cpp: ChatWindowä½ç½®: (100, 100)
[2025-12-25 13:53:35.273] main.cpp: ä¿¡å·æ§½è¿æ¥ç»æ:SUCCESS
[2025-12-25 13:53:40.767] main.cpp: ç»å½æåä¿¡å·è§¦åï¼åå¤å¤çè·³è½¬ï¼userId:22 userName:用户22
[2025-12-25 13:53:40.825] main.cpp: ChatWindowæ¾ç¤ºæåï¼è·³è½¬å®æ
[2025-12-25 13:53:40.825] main.cpp: ChatWindowå¤§å°: (800, 600)
[2025-12-25 13:53:40.826] main.cpp: ChatWindowä½ç½®: (100, 100)
[2025-12-25 13:53:48.569] main.cpp: ä¿¡å·æ§½è¿æ¥ç»æ:SUCCESS
[2025-12-25 13:53:54.327] main.cpp: ç»å½æåä¿¡å·è§¦åï¼åå¤å¤çè·³è½¬ï¼userId:26 userName:用户26
[2025-12-25 13:53:54.385] main.cpp: ChatWindowæ¾ç¤ºæåï¼è·³è½¬å®æ
[2025-12-25 13:53:54.385] main.cpp: ChatWindowå¤§å°: (800, 600)
[2025-12-25 13:53:54.385] main.cpp: ChatWindowä½ç½®: (100, 100)
[2025-12-25 16:46:36.308] main.cpp: ä¿¡å·æ§½è¿æ¥ç»æ:SUCCESS
[2025-12-25 16:46:41.210] main.cpp: ç»å½æåä¿¡å·è§¦åï¼åå¤å¤çè·³è½¬ï¼userId:22 userName:用户22
[2025-12-25 16:46:41.270] main.cpp: ChatWindowæ¾ç¤ºæåï¼è·³è½¬å®æ
[2025-12-25 16:46:41.270] main.cpp: ChatWindowå¤§å°: (800, 600)
[2025-12-25 16:46:41.270] main.cpp: ChatWindowä½ç½®: (100, 100)
[2025-12-25 16:46:53.091] main.cpp: ä¿¡å·æ§½è¿æ¥ç»æ:SUCCESS
[2025-12-25 16:46:58.176] main.cpp: ç»å½æåä¿¡å·è§¦åï¼åå¤å¤çè·³è½¬ï¼userId:26 userName:用户26
[2025-12-25 16:46:58.240] main.cpp: ChatWindowæ¾ç¤ºæåï¼è·³è½¬å®æ
[2025-12-25 16:46:58.240] main.cpp: ChatWindowå¤§å°: (800, 600)
[2025-12-25 16:46:58.240] main.cpp: ChatWindowä½ç½®: (100, 100)
[2025-12-25 16:59:42.512] main.cpp: ä¿¡å·æ§½è¿æ¥ç»æ:SUCCESS
[2025-12-25 16:59:47.219] main.cpp: ç»å½æåä¿¡å·è§¦åï¼åå¤å¤çè·³è½¬ï¼userId:22 userName:用户22
[2025-12-25 16:59:47.291] main.cpp: ChatWindowæ¾ç¤ºæåï¼è·³è½¬å®æ
[2025-12-25 16:59:47.291] main.cpp: ChatWindowå¤§å°: (800, 600)
[2025-12-25 16:59:47.291] main.cpp: ChatWindowä½ç½®: (100, 100)
[2025-12-25 16:59:53.391] main.cpp: ä¿¡å·æ§½è¿æ¥ç»æ:SUCCESS
[2025-12-25 17:01:08.784] main.cpp: ç»å½æåä¿¡å·è§¦åï¼åå¤å¤çè·³è½¬ï¼userId:26 userName:用户26
[2025-12-25 17:01:08.841] main.cpp: ChatWindowæ¾ç¤ºæåï¼è·³è½¬å®æ
[2025-12-25 17:01:08.841] main.cpp: ChatWindowå¤§å°: (800, 600)
[2025-12-25 17:01:08.841] main.cpp: ChatWindowä½ç½®: (100, 100)
[2025-12-25 17:05:21.525] main.cpp: ä¿¡å·æ§½è¿æ¥ç»æ:SUCCESS
[2025-12-25 17:05:26.812] main.cpp: ç»å½æåä¿¡å·è§¦åï¼åå¤å¤çè·³è½¬ï¼userId:22 userName:用户22
[2025-12-25 17:05:26.872] main.cpp: ChatWindowæ¾ç¤ºæåï¼è·³è½¬å®æ
[2025-12-25 17:05:26.872] main.cpp: ChatWindowå¤§å°: (800, 600)
[2025-12-25 17:05:26.872] main.cpp: ChatWindowä½ç½®: (100, 100)
[2025-12-25 17:05:28.894] main.cpp: ä¿¡å·æ§½è¿æ¥ç»æ:SUCCESS
[2025-12-25 17:05:33.809] main.cpp: ç»å½æåä¿¡å·è§¦åï¼åå¤å¤çè·³è½¬ï¼userId:26 userName:用户26
[2025-12-25 17:05:33.869] main.cpp: ChatWindowæ¾ç¤ºæåï¼è·³è½¬å®æ
[2025-12-25 17:05:33.869] main.cpp: ChatWindowå¤§å°: (800, 600)
[2025-12-25 17:05:33.869] main.cpp: ChatWindowä½ç½®: (100, 100)
[2025-12-25 17:12:40.823] main.cpp: ä¿¡å·æ§½è¿æ¥ç»æ:SUCCESS
[2025-12-25 17:13:08.501] main.cpp: ç»å½æåä¿¡å·è§¦åï¼åå¤å¤çè·³è½¬ï¼userId:22 userName:用户22
[2025-12-25 17:13:08.560] main.cpp: ChatWindowæ¾ç¤ºæåï¼è·³è½¬å®æ
[2025-12-25 17:13:08.561] main.cpp: ChatWindowå¤§å°: (800, 600)
[2025-12-25 17:13:08.561] main.cpp: ChatWindowä½ç½®: (100, 100)
[2025-12-25 17:13:14.123] main.cpp: ä¿¡å·æ§½è¿æ¥ç»æ:SUCCESS
[2025-12-25 17:13:20.886] main.cpp: ç»å½æåä¿¡å·è§¦åï¼åå¤å¤çè·³è½¬ï¼userId:26 userName:用户26
[2025-12-25 17:13:20.948] main.cpp: ChatWindowæ¾ç¤ºæåï¼è·³è½¬å®æ
[2025-12-25 17:13:20.948] main.cpp: ChatWindowå¤§å°: (800, 600)
[2025-12-25 17:13:20.948] main.cpp: ChatWindowä½ç½®: (100, 100)
[2025-12-25 17:26:30.645] main.cpp: ä¿¡å·æ§½è¿æ¥ç»æ:SUCCESS
[2025-12-25 17:26:35.280] main.cpp: ç»å½æåä¿¡å·è§¦åï¼åå¤å¤çè·³è½¬ï¼userId:22 userName:用户22
[2025-12-25 17:26:35.338] main.cpp: ChatWindowæ¾ç¤ºæåï¼è·³è½¬å®æ
[2025-12-25 17:26:35.338] main.cpp: ChatWindowå¤§å°: (800, 600)
[2025-12-25 17:26:35.338] main.cpp: ChatWindowä½ç½®: (100, 100)
[2025-12-25 17:26:40.325] main.cpp: ä¿¡å·æ§½è¿æ¥ç»æ:SUCCESS
[2025-12-25 17:26:45.397] main.cpp: ç»å½æåä¿¡å·è§¦åï¼åå¤å¤çè·³è½¬ï¼userId:26 userName:用户26
[2025-12-25 17:26:45.455] main.cpp: ChatWindowæ¾ç¤ºæåï¼è·³è½¬å®æ
[2025-12-25 17:26:45.455] main.cpp: ChatWindowå¤§å°: (800, 600)
[2025-12-25 17:26:45.455] main.cpp: ChatWindowä½ç½®: (100, 100)
[2025-12-25 17:46:15.287] main.cpp: ä¿¡å·æ§½è¿æ¥ç»æ:SUCCESS
[2025-12-25 17:46:19.998] main.cpp: ç»å½æåä¿¡å·è§¦åï¼åå¤å¤çè·³è½¬ï¼userId:22 userName:用户22
[2025-12-25 17:46:20.057] main.cpp: ChatWindowæ¾ç¤ºæåï¼è·³è½¬å®æ
[2025-12-25 17:46:20.057] main.cpp: ChatWindowå¤§å°: (800, 600)
[2025-12-25 17:46:20.057] main.cpp: ChatWindowä½ç½®: (100, 100)
[2025-12-25 17:46:25.693] main.cpp: ä¿¡å·æ§½è¿æ¥ç»æ:SUCCESS
[2025-12-25 17:48:16.769] main.cpp: ä¿¡å·æ§½è¿æ¥ç»æ:SUCCESS
[2025-12-25 17:48:21.161] main.cpp: ç»å½æåä¿¡å·è§¦åï¼åå¤å¤çè·³è½¬ï¼userId:22 userName:用户22
[2025-12-25 17:48:21.219] main.cpp: ChatWindowæ¾ç¤ºæåï¼è·³è½¬å®æ
[2025-12-25 17:48:21.219] main.cpp: ChatWindowå¤§å°: (800, 600)
[2025-12-25 17:48:21.219] main.cpp: ChatWindowä½ç½®: (100, 100)
[2025-12-25 17:49:57.162] main.cpp: ä¿¡å·æ§½è¿æ¥ç»æ:SUCCESS
[2025-12-25 17:50:01.539] main.cpp: ç»å½æåä¿¡å·è§¦åï¼åå¤å¤çè·³è½¬ï¼userId:22 userName:用户22
[2025-12-25 17:50:01.600] main.cpp: ChatWindowæ¾ç¤ºæåï¼è·³è½¬å®æ
[2025-12-25 17:50:01.600] main.cpp: ChatWindowå¤§å°: (800, 600)
[2025-12-25 17:50:01.600] main.cpp: ChatWindowä½ç½®: (100, 100)
[2025-12-25 17:52:18.467] main.cpp: ä¿¡å·æ§½è¿æ¥ç»æ:SUCCESS
[2025-12-25 17:52:22.553] main.cpp: ç»å½æåä¿¡å·è§¦åï¼åå¤å¤çè·³è½¬ï¼userId:22 userName:用户22
[2025-12-25 17:52:22.611] main.cpp: ChatWindowæ¾ç¤ºæåï¼è·³è½¬å®æ
[2025-12-25 17:52:22.611] main.cpp: ChatWindowå¤§å°: (800, 600)
[2025-12-25 17:52:22.611] main.cpp: ChatWindowä½ç½®: (100, 100)
[2025-12-25 17:53:44.245] main.cpp: ä¿¡å·æ§½è¿æ¥ç»æ:SUCCESS
[2025-12-25 17:53:48.051] main.cpp: ç»å½æåä¿¡å·è§¦åï¼åå¤å¤çè·³è½¬ï¼userId:22 userName:用户22
[2025-12-25 17:53:48.108] main.cpp: ChatWindowæ¾ç¤ºæåï¼è·³è½¬å®æ
[2025-12-25 17:53:48.108] main.cpp: ChatWindowå¤§å°: (800, 600)
[2025-12-25 17:53:48.108] main.cpp: ChatWindowä½ç½®: (100, 100)
[2025-12-25 18:06:53.605] main.cpp: ä¿¡å·æ§½è¿æ¥ç»æ:SUCCESS
[2025-12-25 18:06:57.994] main.cpp: ç»å½æåä¿¡å·è§¦åï¼åå¤å¤çè·³è½¬ï¼userId:22 userName:用户22
[2025-12-25 18:06:58.057] main.cpp: ChatWindowæ¾ç¤ºæåï¼è·³è½¬å®æ
[2025-12-25 18:06:58.057] main.cpp: ChatWindowå¤§å°: (800, 600)
[2025-12-25 18:06:58.057] main.cpp: ChatWindowä½ç½®: (100, 100)
[2025-12-25 18:11:03.367] main.cpp: ä¿¡å·æ§½è¿æ¥ç»æ:SUCCESS
[2025-12-25 18:11:07.631] main.cpp: ç»å½æåä¿¡å·è§¦åï¼åå¤å¤çè·³è½¬ï¼userId:22 userName:用户22
[2025-12-25 18:11:07.694] main.cpp: ChatWindowæ¾ç¤ºæåï¼è·³è½¬å®æ
[2025-12-25 18:11:07.694] main.cpp: ChatWindowå¤§å°: (800, 600)
[2025-12-25 18:11:07.694] main.cpp: ChatWindowä½ç½®: (100, 100)
[2025-12-25 18:12:57.884] main.cpp: ä¿¡å·æ§½è¿æ¥ç»æ:SUCCESS
[2025-12-25 18:13:01.544] main.cpp: ç»å½æåä¿¡å·è§¦åï¼åå¤å¤çè·³è½¬ï¼userId:22 userName:用户22
[2025-12-25 18:13:01.602] main.cpp: ChatWindowæ¾ç¤ºæåï¼è·³è½¬å®æ
[2025-12-25 18:13:01.602] main.cpp: ChatWindowå¤§å°: (800, 600)
[2025-12-25 18:13:01.602] main.cpp: ChatWindowä½ç½®: (100, 100)
[2025-12-25 18:19:28.509] main.cpp: ä¿¡å·æ§½è¿æ¥ç»æ:SUCCESS
[2025-12-25 18:19:33.340] main.cpp: ç»å½æåä¿¡å·è§¦åï¼åå¤å¤çè·³è½¬ï¼userId:22 userName:用户22
[2025-12-25 18:19:33.404] main.cpp: ChatWindowæ¾ç¤ºæåï¼è·³è½¬å®æ
[2025-12-25 18:19:33.404] main.cpp: ChatWindowå¤§å°: (800, 600)
[2025-12-25 18:19:33.404] main.cpp: ChatWindowä½ç½®: (100, 100)
[2025-12-25 18:21:20.378] main.cpp: ä¿¡å·æ§½è¿æ¥ç»æ:SUCCESS
[2025-12-25 18:21:24.399] main.cpp: ç»å½æåä¿¡å·è§¦åï¼åå¤å¤çè·³è½¬ï¼userId:22 userName:用户22
[2025-12-25 18:21:24.459] main.cpp: ChatWindowæ¾ç¤ºæåï¼è·³è½¬å®æ
[2025-12-25 18:21:24.459] main.cpp: ChatWindowå¤§å°: (800, 600)
[2025-12-25 18:21:24.459] main.cpp: ChatWindowä½ç½®: (100, 100)
[2025-12-25 18:24:31.221] main.cpp: ä¿¡å·æ§½è¿æ¥ç»æ:SUCCESS
[2025-12-25 18:24:36.743] main.cpp: ç»å½æåä¿¡å·è§¦åï¼åå¤å¤çè·³è½¬ï¼userId:22 userName:用户22
[2025-12-25 18:24:36.802] main.cpp: ChatWindowæ¾ç¤ºæåï¼è·³è½¬å®æ
[2025-12-25 18:24:36.802] main.cpp: ChatWindowå¤§å°: (800, 600)
[2025-12-25 18:24:36.802] main.cpp: ChatWindowä½ç½®: (100, 100)
[2025-12-25 18:27:24.592] main.cpp: ä¿¡å·æ§½è¿æ¥ç»æ:SUCCESS
[2025-12-25 18:27:28.559] main.cpp: ç»å½æåä¿¡å·è§¦åï¼åå¤å¤çè·³è½¬ï¼userId:22 userName:用户22
[2025-12-25 18:27:28.619] main.cpp: ChatWindowæ¾ç¤ºæåï¼è·³è½¬å®æ
[2025-12-25 18:27:28.619] main.cpp: ChatWindowå¤§å°: (800, 600)
[2025-12-25 18:27:28.619] main.cpp: ChatWindowä½ç½®: (100, 100)
[2025-12-25 18:27:47.290] main.cpp: ä¿¡å·æ§½è¿æ¥ç»æ:SUCCESS
[2025-12-25 18:27:52.019] main.cpp: ç»å½æåä¿¡å·è§¦åï¼åå¤å¤çè·³è½¬ï¼userId:26 userName:用户26
[2025-12-25 18:27:52.085] main.cpp: ChatWindowæ¾ç¤ºæåï¼è·³è½¬å®æ
[2025-12-25 18:27:52.086] main.cpp: ChatWindowå¤§å°: (800, 600)
[2025-12-25 18:27:52.086] main.cpp: ChatWindowä½ç½®: (100, 100)
[2025-12-25 18:32:48.374] main.cpp: ä¿¡å·æ§½è¿æ¥ç»æ:SUCCESS
[2025-12-25 18:32:53.584] main.cpp: ç»å½æåä¿¡å·è§¦åï¼åå¤å¤çè·³è½¬ï¼userId:22 userName:用户22
[2025-12-25 18:32:53.643] main.cpp: ChatWindowæ¾ç¤ºæåï¼è·³è½¬å®æ
[2025-12-25 18:32:53.643] main.cpp: ChatWindowå¤§å°: (800, 600)
[2025-12-25 18:32:53.643] main.cpp: ChatWindowä½ç½®: (100, 100)
[2025-12-25 18:32:59.082] main.cpp: ä¿¡å·æ§½è¿æ¥ç»æ:SUCCESS
[2025-12-25 18:33:07.651] main.cpp: ç»å½æåä¿¡å·è§¦åï¼åå¤å¤çè·³è½¬ï¼userId:26 userName:用户26
[2025-12-25 18:33:07.713] main.cpp: ChatWindowæ¾ç¤ºæåï¼è·³è½¬å®æ
[2025-12-25 18:33:07.713] main.cpp: ChatWindowå¤§å°: (800, 600)
[2025-12-25 18:33:07.713] main.cpp: ChatWindowä½ç½®: (100, 100)
[2025-12-25 21:49:24.659] main.cpp: ä¿¡å·æ§½è¿æ¥ç»æ:SUCCESS
[2025-12-25 21:49:29.281] main.cpp: ç»å½æåä¿¡å·è§¦åï¼åå¤å¤çè·³è½¬ï¼userId:22 userName:用户22
[2025-12-25 21:49:29.351] main.cpp: ChatWindowæ¾ç¤ºæåï¼è·³è½¬å®æ
[2025-12-25 21:49:29.352] main.cpp: ChatWindowå¤§å°: (800, 600)
[2025-12-25 21:49:29.352] main.cpp: ChatWindowä½ç½®: (100, 100)
[2025-12-25 21:49:35.520] main.cpp: ä¿¡å·æ§½è¿æ¥ç»æ:SUCCESS
[2025-12-25 21:49:44.173] main.cpp: ç»å½æåä¿¡å·è§¦åï¼åå¤å¤çè·³è½¬ï¼userId:26 userName:用户26
[2025-12-25 21:49:44.230] main.cpp: ChatWindowæ¾ç¤ºæåï¼è·³è½¬å®æ
[2025-12-25 21:49:44.230] main.cpp: ChatWindowå¤§å°: (800, 600)
[2025-12-25 21:49:44.230] main.cpp: ChatWindowä½ç½®: (100, 100)
[2025-12-25 21:55:03.722] main.cpp: ä¿¡å·æ§½è¿æ¥ç»æ:SUCCESS
[2025-12-25 21:55:09.512] main.cpp: ä¿¡å·æ§½è¿æ¥ç»æ:SUCCESS
[2025-12-25 21:55:15.855] main.cpp: ç»å½æåä¿¡å·è§¦åï¼åå¤å¤çè·³è½¬ï¼userId:22 userName:用户22
[2025-12-25 21:55:15.914] main.cpp: ChatWindowæ¾ç¤ºæåï¼è·³è½¬å®æ
[2025-12-25 21:55:15.914] main.cpp: ChatWindowå¤§å°: (800, 600)
[2025-12-25 21:55:15.914] main.cpp: ChatWindowä½ç½®: (100, 100)
[2025-12-25 21:55:22.067] main.cpp: ç»å½æåä¿¡å·è§¦åï¼åå¤å¤çè·³è½¬ï¼userId:26 userName:用户26
[2025-12-25 21:55:22.125] main.cpp: ChatWindowæ¾ç¤ºæåï¼è·³è½¬å®æ
[2025-12-25 21:55:22.125] main.cpp: ChatWindowå¤§å°: (800, 600)
[2025-12-25 21:55:22.125] main.cpp: ChatWindowä½ç½®: (100, 100)
[2025-12-25 22:01:06.912] main.cpp: ä¿¡å·æ§½è¿æ¥ç»æ:SUCCESS
[2025-12-25 22:01:12.133] main.cpp: ç»å½æåä¿¡å·è§¦åï¼åå¤å¤çè·³è½¬ï¼userId:22 userName:用户22
[2025-12-25 22:01:12.191] main.cpp: ChatWindowæ¾ç¤ºæåï¼è·³è½¬å®æ
[2025-12-25 22:01:12.191] main.cpp: ChatWindowå¤§å°: (800, 600)
[2025-12-25 22:01:12.191] main.cpp: ChatWindowä½ç½®: (100, 100)
[2025-12-25 22:01:19.134] main.cpp: ä¿¡å·æ§½è¿æ¥ç»æ:SUCCESS
[2025-12-25 22:01:25.530] main.cpp: ç»å½æåä¿¡å·è§¦åï¼åå¤å¤çè·³è½¬ï¼userId:26 userName:用户26
[2025-12-25 22:01:25.588] main.cpp: ChatWindowæ¾ç¤ºæåï¼è·³è½¬å®æ
[2025-12-25 22:01:25.588] main.cpp: ChatWindowå¤§å°: (800, 600)
[2025-12-25 22:01:25.588] main.cpp: ChatWindowä½ç½®: (100, 100)
[2025-12-25 22:08:16.856] main.cpp: ä¿¡å·æ§½è¿æ¥ç»æ:SUCCESS
[2025-12-25 22:08:21.136] main.cpp: ç»å½æåä¿¡å·è§¦åï¼åå¤å¤çè·³è½¬ï¼userId:22 userName:用户22
[2025-12-25 22:08:21.195] main.cpp: ChatWindowæ¾ç¤ºæåï¼è·³è½¬å®æ
[2025-12-25 22:08:21.195] main.cpp: ChatWindowå¤§å°: (800, 600)
[2025-12-25 22:08:21.195] main.cpp: ChatWindowä½ç½®: (100, 100)
[2025-12-25 22:08:25.964] main.cpp: ä¿¡å·æ§½è¿æ¥ç»æ:SUCCESS
[2025-12-25 22:08:32.120] main.cpp: ç»å½æåä¿¡å·è§¦åï¼åå¤å¤çè·³è½¬ï¼userId:26 userName:用户26
[2025-12-25 22:08:32.178] main.cpp: ChatWindowæ¾ç¤ºæåï¼è·³è½¬å®æ
[2025-12-25 22:08:32.178] main.cpp: ChatWindowå¤§å°: (800, 600)
[2025-12-25 22:08:32.178] main.cpp: ChatWindowä½ç½®: (100, 100)
[2025-12-25 22:15:18.785] main.cpp: ä¿¡å·æ§½è¿æ¥ç»æ:SUCCESS
[2025-12-25 22:15:23.523] main.cpp: ç»å½æåä¿¡å·è§¦åï¼åå¤å¤çè·³è½¬ï¼userId:22 userName:用户22
[2025-12-25 22:15:23.583] main.cpp: ChatWindowæ¾ç¤ºæåï¼è·³è½¬å®æ
[2025-12-25 22:15:23.583] main.cpp: ChatWindowå¤§å°: (800, 600)
[2025-12-25 22:15:23.583] main.cpp: ChatWindowä½ç½®: (100, 100)
[2025-12-25 22:15:30.486] main.cpp: ä¿¡å·æ§½è¿æ¥ç»æ:SUCCESS
[2025-12-25 22:15:38.274] main.cpp: ç»å½æåä¿¡å·è§¦åï¼åå¤å¤çè·³è½¬ï¼userId:26 userName:用户26
[2025-12-25 22:15:38.334] main.cpp: ChatWindowæ¾ç¤ºæåï¼è·³è½¬å®æ
[2025-12-25 22:15:38.334] main.cpp: ChatWindowå¤§å°: (800, 600)
[2025-12-25 22:15:38.334] main.cpp: ChatWindowä½ç½®: (100, 100)
