[2025-11-30 15:33:04.826] main.cpp: ä¿¡å·æ§½è¿æ¥ç»æ:SUCCESS
[2025-11-30 15:42:22.317] main.cpp: ä¿¡å·æ§½è¿æ¥ç»æ:SUCCESS
[2025-12-01 08:46:09.976] main.cpp: ä¿¡å·æ§½è¿æ¥ç»æ:SUCCESS
[2025-12-01 08:46:18.805] LoginWindow: emitting loginSuccess signal with userId:22 userName:用户22
[2025-12-01 08:46:18.805] main.cpp: ç»å½æåä¿¡å·è§¦åï¼åå¤å¤çè·³è½¬ï¼userId:22 userName:用户22
[2025-12-01 08:46:18.875] main.cpp: ChatWindowæ¾ç¤ºæåï¼è·³è½¬å®æ
[2025-12-01 08:56:32.660] main.cpp: ä¿¡å·æ§½è¿æ¥ç»æ:SUCCESS
[2025-12-01 08:56:45.926] LoginWindow: emitting loginSuccess signal with userId:22 userName:用户22
[2025-12-01 08:56:45.926] main.cpp: ç»å½æåä¿¡å·è§¦åï¼åå¤å¤çè·³è½¬ï¼userId:22 userName:用户22
[2025-12-01 08:56:45.984] main.cpp: ChatWindowæ¾ç¤ºæåï¼è·³è½¬å®æ
[2025-12-01 08:59:28.259] main.cpp: ä¿¡å·æ§½è¿æ¥ç»æ:SUCCESS
[2025-12-01 08:59:36.189] LoginWindow: emitting loginSuccess signal with userId:22 userName:用户22
[2025-12-01 08:59:36.189] main.cpp: ç»å½æåä¿¡å·è§¦åï¼åå¤å¤çè·³è½¬ï¼userId:22 userName:用户22
[2025-12-01 08:59:36.247] main.cpp: ChatWindowæ¾ç¤ºæåï¼è·³è½¬å®æ
[2025-12-01 09:05:50.799] main.cpp: ä¿¡å·æ§½è¿æ¥ç»æ:SUCCESS
[2025-12-01 09:05:55.682] LoginWindow: emitting loginSuccess signal with userId:22 userName:用户22
[2025-12-01 09:05:55.682] main.cpp: ç»å½æåä¿¡å·è§¦åï¼åå¤å¤çè·³è½¬ï¼userId:22 userName:用户22
[2025-12-01 09:05:55.741] main.cpp: ChatWindowæ¾ç¤ºæåï¼è·³è½¬å®æ
[2025-12-01 23:19:27.641] main.cpp: ä¿¡å·æ§½è¿æ¥ç»æ:SUCCESS
[2025-12-01 23:19:34.189] LoginWindow: emitting loginSuccess signal with userId:22 userName:用户22
[2025-12-01 23:19:34.190] main.cpp: ç»å½æåä¿¡å·è§¦åï¼åå¤å¤çè·³è½¬ï¼userId:22 userName:用户22
[2025-12-01 23:19:34.406] main.cpp: ChatWindowæ¾ç¤ºæåï¼è·³è½¬å®æ
[2025-12-01 23:41:31.305] main.cpp: ä¿¡å·æ§½è¿æ¥ç»æ:SUCCESS
[2025-12-01 23:41:41.818] LoginWindow: emitting loginSuccess signal with userId:26 userName:用户26
[2025-12-01 23:41:41.818] main.cpp: ç»å½æåä¿¡å·è§¦åï¼åå¤å¤çè·³è½¬ï¼userId:26 userName:用户26
[2025-12-01 23:41:41.916] main.cpp: ChatWindowæ¾ç¤ºæåï¼è·³è½¬å®æ
[2025-12-01 23:51:44.710] main.cpp: ä¿¡å·æ§½è¿æ¥ç»æ:SUCCESS
[2025-12-01 23:52:56.743] LoginWindow: emitting loginSuccess signal with userId:23 userName:用户23
[2025-12-01 23:52:56.744] main.cpp: ç»å½æåä¿¡å·è§¦åï¼åå¤å¤çè·³è½¬ï¼userId:23 userName:用户23
[2025-12-01 23:52:56.829] main.cpp: ChatWindowæ¾ç¤ºæåï¼è·³è½¬å®æ
[2025-12-02 00:04:40.891] main.cpp: ä¿¡å·æ§½è¿æ¥ç»æ:SUCCESS
[2025-12-02 00:04:45.600] LoginWindow: emitting loginSuccess signal with userId:22 userName:用户22
[2025-12-02 00:04:45.600] main.cpp: ç»å½æåä¿¡å·è§¦åï¼åå¤å¤çè·³è½¬ï¼userId:22 userName:用户22
[2025-12-02 00:04:45.674] main.cpp: ChatWindowæ¾ç¤ºæåï¼è·³è½¬å®æ
[2025-12-02 00:33:29.659] main.cpp: ä¿¡å·æ§½è¿æ¥ç»æ:SUCCESS
[2025-12-02 00:33:36.075] LoginWindow: emitting loginSuccess signal with userId:22 userName:用户22
[2025-12-02 00:33:36.075] main.cpp: ç»å½æåä¿¡å·è§¦åï¼åå¤å¤çè·³è½¬ï¼userId:22 userName:用户22
[2025-12-02 00:33:36.148] main.cpp: ChatWindowæ¾ç¤ºæåï¼è·³è½¬å®æ
[2025-12-02 08:11:56.670] main.cpp: ä¿¡å·æ§½è¿æ¥ç»æ:SUCCESS
[2025-12-02 08:12:01.767] LoginWindow: emitting loginSuccess signal with userId:22 userName:用户22
[2025-12-02 08:12:01.767] main.cpp: ç»å½æåä¿¡å·è§¦åï¼åå¤å¤çè·³è½¬ï¼userId:22 userName:用户22
[2025-12-02 08:12:01.833] main.cpp: ChatWindowæ¾ç¤ºæåï¼è·³è½¬å®æ
[2025-12-02 08:17:38.273] main.cpp: ä¿¡å·æ§½è¿æ¥ç»æ:SUCCESS
[2025-12-02 08:18:06.569] main.cpp: ä¿¡å·æ§½è¿æ¥ç»æ:SUCCESS
[2025-12-02 08:18:10.611] LoginWindow: emitting loginSuccess signal with userId:22 userName:用户22
[2025-12-02 08:18:10.611] main.cpp: ç»å½æåä¿¡å·è§¦åï¼åå¤å¤çè·³è½¬ï¼userId:22 userName:用户22
[2025-12-02 08:18:10.666] main.cpp: ChatWindowæ¾ç¤ºæåï¼è·³è½¬å®æ
[2025-12-02 08:25:25.525] main.cpp: ä¿¡å·æ§½è¿æ¥ç»æ:SUCCESS
[2025-12-02 08:25:38.546] LoginWindow: emitting loginSuccess signal with userId:22 userName:用户22
[2025-12-02 08:25:38.546] main.cpp: ç»å½æåä¿¡å·è§¦åï¼åå¤å¤çè·³è½¬ï¼userId:22 userName:用户22
[2025-12-02 08:25:38.600] main.cpp: ChatWindowæ¾ç¤ºæåï¼è·³è½¬å®æ
[2025-12-02 08:25:38.600] main.cpp: ChatWindowå¤§å°: (800, 600)
[2025-12-02 08:25:38.600] main.cpp: ChatWindowä½ç½®: (100, 100)
[2025-12-02 08:36:57.932] main.cpp: ä¿¡å·æ§½è¿æ¥ç»æ:SUCCESS
[2025-12-02 08:37:06.559] LoginWindow: emitting loginSuccess signal with userId:26 userName:用户26
[2025-12-02 08:37:06.559] main.cpp: ç»å½æåä¿¡å·è§¦åï¼åå¤å¤çè·³è½¬ï¼userId:26 userName:用户26
[2025-12-02 08:37:06.613] main.cpp: ChatWindowæ¾ç¤ºæåï¼è·³è½¬å®æ
[2025-12-02 08:37:06.613] main.cpp: ChatWindowå¤§å°: (800, 600)
[2025-12-02 08:37:06.613] main.cpp: ChatWindowä½ç½®: (100, 100)
[2025-12-02 08:42:36.782] main.cpp: ä¿¡å·æ§½è¿æ¥ç»æ:SUCCESS
[2025-12-02 08:42:40.332] LoginWindow: emitting loginSuccess signal with userId:22 userName:用户22
[2025-12-02 08:42:40.333] main.cpp: ç»å½æåä¿¡å·è§¦åï¼åå¤å¤çè·³è½¬ï¼userId:22 userName:用户22
[2025-12-02 08:42:40.391] main.cpp: ChatWindowæ¾ç¤ºæåï¼è·³è½¬å®æ
[2025-12-02 08:42:40.391] main.cpp: ChatWindowå¤§å°: (800, 600)
[2025-12-02 08:42:40.391] main.cpp: ChatWindowä½ç½®: (100, 100)
[2025-12-02 08:47:31.591] main.cpp: ä¿¡å·æ§½è¿æ¥ç»æ:SUCCESS
[2025-12-02 08:47:34.965] LoginWindow: emitting loginSuccess signal with userId:22 userName:用户22
[2025-12-02 08:47:34.965] main.cpp: ç»å½æåä¿¡å·è§¦åï¼åå¤å¤çè·³è½¬ï¼userId:22 userName:用户22
[2025-12-02 08:47:35.020] main.cpp: ChatWindowæ¾ç¤ºæåï¼è·³è½¬å®æ
[2025-12-02 08:47:35.021] main.cpp: ChatWindowå¤§å°: (800, 600)
[2025-12-02 08:47:35.021] main.cpp: ChatWindowä½ç½®: (100, 100)
[2025-12-02 08:48:40.900] main.cpp: ä¿¡å·æ§½è¿æ¥ç»æ:SUCCESS
[2025-12-02 08:48:53.943] LoginWindow: emitting loginSuccess signal with userId:23 userName:用户23
[2025-12-02 08:48:53.943] main.cpp: ç»å½æåä¿¡å·è§¦åï¼åå¤å¤çè·³è½¬ï¼userId:23 userName:用户23
[2025-12-02 08:48:53.999] main.cpp: ChatWindowæ¾ç¤ºæåï¼è·³è½¬å®æ
[2025-12-02 08:48:53.999] main.cpp: ChatWindowå¤§å°: (800, 600)
[2025-12-02 08:48:53.999] main.cpp: ChatWindowä½ç½®: (100, 100)
[2025-12-02 08:53:38.371] main.cpp: ä¿¡å·æ§½è¿æ¥ç»æ:SUCCESS
[2025-12-02 08:53:42.020] LoginWindow: emitting loginSuccess signal with userId:22 userName:用户22
[2025-12-02 08:53:42.020] main.cpp: ç»å½æåä¿¡å·è§¦åï¼åå¤å¤çè·³è½¬ï¼userId:22 userName:用户22
[2025-12-02 08:53:42.075] main.cpp: ChatWindowæ¾ç¤ºæåï¼è·³è½¬å®æ
[2025-12-02 08:53:42.075] main.cpp: ChatWindowå¤§å°: (800, 600)
[2025-12-02 08:53:42.075] main.cpp: ChatWindowä½ç½®: (100, 100)
[2025-12-02 08:53:56.476] main.cpp: ä¿¡å·æ§½è¿æ¥ç»æ:SUCCESS
[2025-12-02 08:54:04.773] LoginWindow: emitting loginSuccess signal with userId:26 userName:用户26
[2025-12-02 08:54:04.774] main.cpp: ç»å½æåä¿¡å·è§¦åï¼åå¤å¤çè·³è½¬ï¼userId:26 userName:用户26
[2025-12-02 08:54:04.829] main.cpp: ChatWindowæ¾ç¤ºæåï¼è·³è½¬å®æ
[2025-12-02 08:54:04.829] main.cpp: ChatWindowå¤§å°: (800, 600)
[2025-12-02 08:54:04.829] main.cpp: ChatWindowä½ç½®: (100, 100)
[2025-12-02 09:04:48.683] main.cpp: ä¿¡å·æ§½è¿æ¥ç»æ:SUCCESS
[2025-12-02 09:06:36.500] main.cpp: ä¿¡å·æ§½è¿æ¥ç»æ:SUCCESS
[2025-12-02 09:06:40.194] LoginWindow: emitting loginSuccess signal with userId:22 userName:用户22
[2025-12-02 09:06:40.194] main.cpp: ç»å½æåä¿¡å·è§¦åï¼åå¤å¤çè·³è½¬ï¼userId:22 userName:用户22
[2025-12-02 09:06:40.249] main.cpp: ChatWindowæ¾ç¤ºæåï¼è·³è½¬å®æ
[2025-12-02 09:06:40.249] main.cpp: ChatWindowå¤§å°: (800, 600)
[2025-12-02 09:06:40.249] main.cpp: ChatWindowä½ç½®: (100, 100)
[2025-12-02 09:06:46.757] main.cpp: ä¿¡å·æ§½è¿æ¥ç»æ:SUCCESS
[2025-12-02 09:06:52.369] LoginWindow: emitting loginSuccess signal with userId:26 userName:用户26
[2025-12-02 09:06:52.369] main.cpp: ç»å½æåä¿¡å·è§¦åï¼åå¤å¤çè·³è½¬ï¼userId:26 userName:用户26
[2025-12-02 09:06:52.424] main.cpp: ChatWindowæ¾ç¤ºæåï¼è·³è½¬å®æ
[2025-12-02 09:06:52.424] main.cpp: ChatWindowå¤§å°: (800, 600)
[2025-12-02 09:06:52.424] main.cpp: ChatWindowä½ç½®: (100, 100)
[2025-12-02 09:14:00.134] main.cpp: ä¿¡å·æ§½è¿æ¥ç»æ:SUCCESS
[2025-12-02 09:14:03.065] LoginWindow: emitting loginSuccess signal with userId:22 userName:用户22
[2025-12-02 09:14:03.065] main.cpp: ç»å½æåä¿¡å·è§¦åï¼åå¤å¤çè·³è½¬ï¼userId:22 userName:用户22
[2025-12-02 09:14:03.120] main.cpp: ChatWindowæ¾ç¤ºæåï¼è·³è½¬å®æ
[2025-12-02 09:14:03.120] main.cpp: ChatWindowå¤§å°: (800, 600)
[2025-12-02 09:14:03.120] main.cpp: ChatWindowä½ç½®: (100, 100)
[2025-12-02 09:14:14.936] main.cpp: ä¿¡å·æ§½è¿æ¥ç»æ:SUCCESS
[2025-12-02 09:14:28.883] LoginWindow: emitting loginSuccess signal with userId:26 userName:用户26
[2025-12-02 09:14:28.883] main.cpp: ç»å½æåä¿¡å·è§¦åï¼åå¤å¤çè·³è½¬ï¼userId:26 userName:用户26
[2025-12-02 09:14:28.936] main.cpp: ChatWindowæ¾ç¤ºæåï¼è·³è½¬å®æ
[2025-12-02 09:14:28.936] main.cpp: ChatWindowå¤§å°: (800, 600)
[2025-12-02 09:14:28.936] main.cpp: ChatWindowä½ç½®: (100, 100)
[2025-12-02 09:23:41.514] main.cpp: ä¿¡å·æ§½è¿æ¥ç»æ:SUCCESS
[2025-12-02 09:23:53.555] LoginWindow: emitting loginSuccess signal with userId:22 userName:用户22
[2025-12-02 09:23:53.555] main.cpp: ç»å½æåä¿¡å·è§¦åï¼åå¤å¤çè·³è½¬ï¼userId:22 userName:用户22
[2025-12-02 09:23:53.609] main.cpp: ChatWindowæ¾ç¤ºæåï¼è·³è½¬å®æ
[2025-12-02 09:23:53.609] main.cpp: ChatWindowå¤§å°: (800, 600)
[2025-12-02 09:23:53.609] main.cpp: ChatWindowä½ç½®: (100, 100)
[2025-12-02 09:24:00.154] main.cpp: ä¿¡å·æ§½è¿æ¥ç»æ:SUCCESS
[2025-12-02 09:24:07.545] LoginWindow: emitting loginSuccess signal with userId:26 userName:用户26
[2025-12-02 09:24:07.545] main.cpp: ç»å½æåä¿¡å·è§¦åï¼åå¤å¤çè·³è½¬ï¼userId:26 userName:用户26
[2025-12-02 09:24:07.600] main.cpp: ChatWindowæ¾ç¤ºæåï¼è·³è½¬å®æ
[2025-12-02 09:24:07.600] main.cpp: ChatWindowå¤§å°: (800, 600)
[2025-12-02 09:24:07.600] main.cpp: ChatWindowä½ç½®: (100, 100)
[2025-12-02 09:27:22.301] main.cpp: ä¿¡å·æ§½è¿æ¥ç»æ:SUCCESS
[2025-12-02 09:27:26.949] LoginWindow: emitting loginSuccess signal with userId:22 userName:用户22
[2025-12-02 09:27:26.950] main.cpp: ç»å½æåä¿¡å·è§¦åï¼åå¤å¤çè·³è½¬ï¼userId:22 userName:用户22
[2025-12-02 09:27:27.004] main.cpp: ChatWindowæ¾ç¤ºæåï¼è·³è½¬å®æ
[2025-12-02 09:27:27.004] main.cpp: ChatWindowå¤§å°: (800, 600)
[2025-12-02 09:27:27.004] main.cpp: ChatWindowä½ç½®: (100, 100)
[2025-12-02 09:27:39.226] main.cpp: ä¿¡å·æ§½è¿æ¥ç»æ:SUCCESS
[2025-12-02 09:27:45.835] LoginWindow: emitting loginSuccess signal with userId:26 userName:用户26
[2025-12-02 09:27:45.835] main.cpp: ç»å½æåä¿¡å·è§¦åï¼åå¤å¤çè·³è½¬ï¼userId:26 userName:用户26
[2025-12-02 09:27:45.890] main.cpp: ChatWindowæ¾ç¤ºæåï¼è·³è½¬å®æ
[2025-12-02 09:27:45.890] main.cpp: ChatWindowå¤§å°: (800, 600)
[2025-12-02 09:27:45.890] main.cpp: ChatWindowä½ç½®: (100, 100)
[2025-12-02 09:31:01.241] main.cpp: ä¿¡å·æ§½è¿æ¥ç»æ:SUCCESS
[2025-12-02 09:31:04.701] LoginWindow: emitting loginSuccess signal with userId:22 userName:用户22
[2025-12-02 09:31:04.701] main.cpp: ç»å½æåä¿¡å·è§¦åï¼åå¤å¤çè·³è½¬ï¼userId:22 userName:用户22
[2025-12-02 09:31:04.756] main.cpp: ChatWindowæ¾ç¤ºæåï¼è·³è½¬å®æ
[2025-12-02 09:31:04.756] main.cpp: ChatWindowå¤§å°: (800, 600)
[2025-12-02 09:31:04.756] main.cpp: ChatWindowä½ç½®: (100, 100)
[2025-12-02 09:31:09.368] main.cpp: ä¿¡å·æ§½è¿æ¥ç»æ:SUCCESS
[2025-12-02 09:31:15.629] LoginWindow: emitting loginSuccess signal with userId:26 userName:用户26
[2025-12-02 09:31:15.629] main.cpp: ç»å½æåä¿¡å·è§¦åï¼åå¤å¤çè·³è½¬ï¼userId:26 userName:用户26
[2025-12-02 09:31:15.684] main.cpp: ChatWindowæ¾ç¤ºæåï¼è·³è½¬å®æ
[2025-12-02 09:31:15.684] main.cpp: ChatWindowå¤§å°: (800, 600)
[2025-12-02 09:31:15.684] main.cpp: ChatWindowä½ç½®: (100, 100)
[2025-12-02 09:31:54.634] main.cpp: ä¿¡å·æ§½è¿æ¥ç»æ:SUCCESS
[2025-12-02 09:32:05.635] LoginWindow: emitting loginSuccess signal with userId:0 userName:用户0
[2025-12-02 09:32:05.635] main.cpp: ç»å½æåä¿¡å·è§¦åï¼åå¤å¤çè·³è½¬ï¼userId:0 userName:用户0
[2025-12-02 09:32:05.691] main.cpp: ChatWindowæ¾ç¤ºæåï¼è·³è½¬å®æ
[2025-12-02 09:32:05.691] main.cpp: ChatWindowå¤§å°: (800, 600)
[2025-12-02 09:32:05.691] main.cpp: ChatWindowä½ç½®: (100, 100)
[2025-12-02 09:37:56.709] main.cpp: ä¿¡å·æ§½è¿æ¥ç»æ:SUCCESS
[2025-12-02 09:38:05.482] LoginWindow: emitting loginSuccess signal with userId:29 userName:
[2025-12-02 09:38:05.482] main.cpp: ç»å½æåä¿¡å·è§¦åï¼åå¤å¤çè·³è½¬ï¼userId:29 userName:
[2025-12-02 09:38:05.539] main.cpp: ChatWindowæ¾ç¤ºæåï¼è·³è½¬å®æ
[2025-12-02 09:38:05.540] main.cpp: ChatWindowå¤§å°: (800, 600)
[2025-12-02 09:38:05.540] main.cpp: ChatWindowä½ç½®: (100, 100)
[2025-12-02 09:41:10.954] main.cpp: ä¿¡å·æ§½è¿æ¥ç»æ:SUCCESS
[2025-12-02 09:41:14.546] LoginWindow: emitting loginSuccess signal with userId:22 userName:用户22
[2025-12-02 09:41:14.546] main.cpp: ç»å½æåä¿¡å·è§¦åï¼åå¤å¤çè·³è½¬ï¼userId:22 userName:用户22
[2025-12-02 09:41:14.601] main.cpp: ChatWindowæ¾ç¤ºæåï¼è·³è½¬å®æ
[2025-12-02 09:41:14.601] main.cpp: ChatWindowå¤§å°: (800, 600)
[2025-12-02 09:41:14.601] main.cpp: ChatWindowä½ç½®: (100, 100)
[2025-12-02 09:41:52.707] main.cpp: ä¿¡å·æ§½è¿æ¥ç»æ:SUCCESS
[2025-12-02 09:42:01.105] LoginWindow: emitting loginSuccess signal with userId:30 userName:
[2025-12-02 09:42:01.106] main.cpp: ç»å½æåä¿¡å·è§¦åï¼åå¤å¤çè·³è½¬ï¼userId:30 userName:
[2025-12-02 09:42:01.161] main.cpp: ChatWindowæ¾ç¤ºæåï¼è·³è½¬å®æ
[2025-12-02 09:42:01.161] main.cpp: ChatWindowå¤§å°: (800, 600)
[2025-12-02 09:42:01.161] main.cpp: ChatWindowä½ç½®: (100, 100)
[2025-12-02 09:45:25.100] main.cpp: ä¿¡å·æ§½è¿æ¥ç»æ:SUCCESS
[2025-12-02 09:45:32.713] LoginWindow: emitting loginSuccess signal with userId:31 userName:
[2025-12-02 09:45:32.713] main.cpp: ç»å½æåä¿¡å·è§¦åï¼åå¤å¤çè·³è½¬ï¼userId:31 userName:
[2025-12-02 09:45:32.768] main.cpp: ChatWindowæ¾ç¤ºæåï¼è·³è½¬å®æ
[2025-12-02 09:45:32.768] main.cpp: ChatWindowå¤§å°: (800, 600)
[2025-12-02 09:45:32.768] main.cpp: ChatWindowä½ç½®: (100, 100)
[2025-12-02 09:45:47.286] main.cpp: ä¿¡å·æ§½è¿æ¥ç»æ:SUCCESS
[2025-12-02 09:45:51.389] LoginWindow: emitting loginSuccess signal with userId:22 userName:用户22
[2025-12-02 09:45:51.389] main.cpp: ç»å½æåä¿¡å·è§¦åï¼åå¤å¤çè·³è½¬ï¼userId:22 userName:用户22
[2025-12-02 09:45:51.444] main.cpp: ChatWindowæ¾ç¤ºæåï¼è·³è½¬å®æ
[2025-12-02 09:45:51.444] main.cpp: ChatWindowå¤§å°: (800, 600)
[2025-12-02 09:45:51.444] main.cpp: ChatWindowä½ç½®: (100, 100)
[2025-12-02 10:45:49.810] main.cpp: ä¿¡å·æ§½è¿æ¥ç»æ:SUCCESS
[2025-12-02 10:45:59.574] LoginWindow: emitting loginSuccess signal with userId:22 userName:用户22
[2025-12-02 10:45:59.574] main.cpp: ç»å½æåä¿¡å·è§¦åï¼åå¤å¤çè·³è½¬ï¼userId:22 userName:用户22
[2025-12-02 10:45:59.635] main.cpp: ChatWindowæ¾ç¤ºæåï¼è·³è½¬å®æ
[2025-12-02 10:45:59.635] main.cpp: ChatWindowå¤§å°: (800, 600)
[2025-12-02 10:45:59.635] main.cpp: ChatWindowä½ç½®: (100, 100)
[2025-12-02 10:46:17.647] main.cpp: ä¿¡å·æ§½è¿æ¥ç»æ:SUCCESS
[2025-12-02 10:46:25.078] LoginWindow: emitting loginSuccess signal with userId:31 userName:用户31
[2025-12-02 10:46:25.078] main.cpp: ç»å½æåä¿¡å·è§¦åï¼åå¤å¤çè·³è½¬ï¼userId:31 userName:用户31
[2025-12-02 10:46:25.133] main.cpp: ChatWindowæ¾ç¤ºæåï¼è·³è½¬å®æ
[2025-12-02 10:46:25.133] main.cpp: ChatWindowå¤§å°: (800, 600)
[2025-12-02 10:46:25.133] main.cpp: ChatWindowä½ç½®: (100, 100)
[2025-12-02 10:51:55.471] main.cpp: ä¿¡å·æ§½è¿æ¥ç»æ:SUCCESS
[2025-12-02 10:52:00.764] LoginWindow: emitting loginSuccess signal with userId:22 userName:用户22
[2025-12-02 10:52:00.765] main.cpp: ç»å½æåä¿¡å·è§¦åï¼åå¤å¤çè·³è½¬ï¼userId:22 userName:用户22
[2025-12-02 10:52:00.820] main.cpp: ChatWindowæ¾ç¤ºæåï¼è·³è½¬å®æ
[2025-12-02 10:52:00.820] main.cpp: ChatWindowå¤§å°: (800, 600)
[2025-12-02 10:52:00.820] main.cpp: ChatWindowä½ç½®: (100, 100)
[2025-12-02 10:52:08.506] main.cpp: ä¿¡å·æ§½è¿æ¥ç»æ:SUCCESS
[2025-12-02 10:52:16.701] LoginWindow: emitting loginSuccess signal with userId:31 userName:用户31
[2025-12-02 10:52:16.701] main.cpp: ç»å½æåä¿¡å·è§¦åï¼åå¤å¤çè·³è½¬ï¼userId:31 userName:用户31
[2025-12-02 10:52:16.756] main.cpp: ChatWindowæ¾ç¤ºæåï¼è·³è½¬å®æ
[2025-12-02 10:52:16.756] main.cpp: ChatWindowå¤§å°: (800, 600)
[2025-12-02 10:52:16.756] main.cpp: ChatWindowä½ç½®: (100, 100)
[2025-12-02 10:55:56.228] main.cpp: ä¿¡å·æ§½è¿æ¥ç»æ:SUCCESS
[2025-12-02 10:56:01.386] LoginWindow: emitting loginSuccess signal with userId:22 userName:用户22
[2025-12-02 10:56:01.386] main.cpp: ç»å½æåä¿¡å·è§¦åï¼åå¤å¤çè·³è½¬ï¼userId:22 userName:用户22
[2025-12-02 10:56:01.441] main.cpp: ChatWindowæ¾ç¤ºæåï¼è·³è½¬å®æ
[2025-12-02 10:56:01.441] main.cpp: ChatWindowå¤§å°: (800, 600)
[2025-12-02 10:56:01.441] main.cpp: ChatWindowä½ç½®: (100, 100)
[2025-12-02 10:56:09.867] main.cpp: ä¿¡å·æ§½è¿æ¥ç»æ:SUCCESS
[2025-12-02 10:56:14.904] LoginWindow: emitting loginSuccess signal with userId:31 userName:用户31
[2025-12-02 10:56:14.905] main.cpp: ç»å½æåä¿¡å·è§¦åï¼åå¤å¤çè·³è½¬ï¼userId:31 userName:用户31
[2025-12-02 10:56:14.959] main.cpp: ChatWindowæ¾ç¤ºæåï¼è·³è½¬å®æ
[2025-12-02 10:56:14.959] main.cpp: ChatWindowå¤§å°: (800, 600)
[2025-12-02 10:56:14.959] main.cpp: ChatWindowä½ç½®: (100, 100)
[2025-12-02 11:06:17.100] main.cpp: ä¿¡å·æ§½è¿æ¥ç»æ:SUCCESS
[2025-12-02 11:06:24.786] LoginWindow: emitting loginSuccess signal with userId:22 userName:用户22
[2025-12-02 11:06:24.786] main.cpp: ç»å½æåä¿¡å·è§¦åï¼åå¤å¤çè·³è½¬ï¼userId:22 userName:用户22
[2025-12-02 11:06:24.842] main.cpp: ChatWindowæ¾ç¤ºæåï¼è·³è½¬å®æ
[2025-12-02 11:06:24.842] main.cpp: ChatWindowå¤§å°: (800, 600)
[2025-12-02 11:06:24.842] main.cpp: ChatWindowä½ç½®: (100, 100)
[2025-12-02 11:20:04.389] main.cpp: ä¿¡å·æ§½è¿æ¥ç»æ:SUCCESS
[2025-12-02 11:20:08.377] LoginWindow: emitting loginSuccess signal with userId:22 userName:用户22
[2025-12-02 11:20:08.377] main.cpp: ç»å½æåä¿¡å·è§¦åï¼åå¤å¤çè·³è½¬ï¼userId:22 userName:用户22
[2025-12-02 11:20:08.432] main.cpp: ChatWindowæ¾ç¤ºæåï¼è·³è½¬å®æ
[2025-12-02 11:20:08.432] main.cpp: ChatWindowå¤§å°: (800, 600)
[2025-12-02 11:20:08.432] main.cpp: ChatWindowä½ç½®: (100, 100)
[2025-12-02 11:57:17.805] main.cpp: ä¿¡å·æ§½è¿æ¥ç»æ:SUCCESS
[2025-12-02 12:02:45.464] main.cpp: ä¿¡å·æ§½è¿æ¥ç»æ:SUCCESS
[2025-12-02 12:02:53.427] LoginWindow: emitting loginSuccess signal with userId:22 userName:用户22
[2025-12-02 12:02:53.427] main.cpp: ç»å½æåä¿¡å·è§¦åï¼åå¤å¤çè·³è½¬ï¼userId:22 userName:用户22
[2025-12-02 12:02:53.490] main.cpp: ChatWindowæ¾ç¤ºæåï¼è·³è½¬å®æ
[2025-12-02 12:02:53.490] main.cpp: ChatWindowå¤§å°: (800, 600)
[2025-12-02 12:02:53.490] main.cpp: ChatWindowä½ç½®: (100, 100)
[2025-12-02 12:03:01.101] main.cpp: ä¿¡å·æ§½è¿æ¥ç»æ:SUCCESS
[2025-12-02 12:03:17.087] LoginWindow: emitting loginSuccess signal with userId:31 userName:用户31
[2025-12-02 12:03:17.087] main.cpp: ç»å½æåä¿¡å·è§¦åï¼åå¤å¤çè·³è½¬ï¼userId:31 userName:用户31
[2025-12-02 12:03:17.141] main.cpp: ChatWindowæ¾ç¤ºæåï¼è·³è½¬å®æ
[2025-12-02 12:03:17.142] main.cpp: ChatWindowå¤§å°: (800, 600)
[2025-12-02 12:03:17.142] main.cpp: ChatWindowä½ç½®: (100, 100)
[2025-12-02 12:07:37.088] main.cpp: ä¿¡å·æ§½è¿æ¥ç»æ:SUCCESS
[2025-12-02 12:07:41.762] LoginWindow: emitting loginSuccess signal with userId:22 userName:用户22
[2025-12-02 12:07:41.762] main.cpp: ç»å½æåä¿¡å·è§¦åï¼åå¤å¤çè·³è½¬ï¼userId:22 userName:用户22
[2025-12-02 12:07:41.817] main.cpp: ChatWindowæ¾ç¤ºæåï¼è·³è½¬å®æ
[2025-12-02 12:07:41.817] main.cpp: ChatWindowå¤§å°: (800, 600)
[2025-12-02 12:07:41.817] main.cpp: ChatWindowä½ç½®: (100, 100)
[2025-12-02 12:11:10.205] main.cpp: ä¿¡å·æ§½è¿æ¥ç»æ:SUCCESS
[2025-12-02 12:11:13.914] LoginWindow: emitting loginSuccess signal with userId:22 userName:用户22
[2025-12-02 12:11:13.914] main.cpp: ç»å½æåä¿¡å·è§¦åï¼åå¤å¤çè·³è½¬ï¼userId:22 userName:用户22
[2025-12-02 12:11:13.969] main.cpp: ChatWindowæ¾ç¤ºæåï¼è·³è½¬å®æ
[2025-12-02 12:11:13.969] main.cpp: ChatWindowå¤§å°: (800, 600)
[2025-12-02 12:11:13.969] main.cpp: ChatWindowä½ç½®: (100, 100)
[2025-12-02 12:15:23.703] main.cpp: ä¿¡å·æ§½è¿æ¥ç»æ:SUCCESS
[2025-12-02 12:15:28.721] LoginWindow: emitting loginSuccess signal with userId:22 userName:用户22
[2025-12-02 12:15:28.721] main.cpp: ç»å½æåä¿¡å·è§¦åï¼åå¤å¤çè·³è½¬ï¼userId:22 userName:用户22
[2025-12-02 12:15:28.776] main.cpp: ChatWindowæ¾ç¤ºæåï¼è·³è½¬å®æ
[2025-12-02 12:15:28.776] main.cpp: ChatWindowå¤§å°: (800, 600)
[2025-12-02 12:15:28.776] main.cpp: ChatWindowä½ç½®: (100, 100)
[2025-12-02 12:19:15.925] main.cpp: ä¿¡å·æ§½è¿æ¥ç»æ:SUCCESS
[2025-12-02 12:19:20.406] LoginWindow: emitting loginSuccess signal with userId:22 userName:用户22
[2025-12-02 12:19:20.407] main.cpp: ç»å½æåä¿¡å·è§¦åï¼åå¤å¤çè·³è½¬ï¼userId:22 userName:用户22
[2025-12-02 12:19:20.461] main.cpp: ChatWindowæ¾ç¤ºæåï¼è·³è½¬å®æ
[2025-12-02 12:19:20.461] main.cpp: ChatWindowå¤§å°: (800, 600)
[2025-12-02 12:19:20.461] main.cpp: ChatWindowä½ç½®: (100, 100)
[2025-12-02 12:43:27.823] main.cpp: ä¿¡å·æ§½è¿æ¥ç»æ:SUCCESS
[2025-12-02 12:43:33.057] LoginWindow: emitting loginSuccess signal with userId:22 userName:用户22
[2025-12-02 12:43:33.057] main.cpp: ç»å½æåä¿¡å·è§¦åï¼åå¤å¤çè·³è½¬ï¼userId:22 userName:用户22
[2025-12-02 12:43:33.113] main.cpp: ChatWindowæ¾ç¤ºæåï¼è·³è½¬å®æ
[2025-12-02 12:43:33.113] main.cpp: ChatWindowå¤§å°: (800, 600)
[2025-12-02 12:43:33.113] main.cpp: ChatWindowä½ç½®: (100, 100)
[2025-12-02 12:54:08.018] main.cpp: ä¿¡å·æ§½è¿æ¥ç»æ:SUCCESS
[2025-12-02 12:54:11.741] LoginWindow: emitting loginSuccess signal with userId:22 userName:用户22
[2025-12-02 12:54:11.741] main.cpp: ç»å½æåä¿¡å·è§¦åï¼åå¤å¤çè·³è½¬ï¼userId:22 userName:用户22
[2025-12-02 12:54:11.797] main.cpp: ChatWindowæ¾ç¤ºæåï¼è·³è½¬å®æ
[2025-12-02 12:54:11.797] main.cpp: ChatWindowå¤§å°: (800, 600)
[2025-12-02 12:54:11.797] main.cpp: ChatWindowä½ç½®: (100, 100)
[2025-12-02 13:11:53.504] main.cpp: ä¿¡å·æ§½è¿æ¥ç»æ:SUCCESS
[2025-12-02 13:12:44.736] LoginWindow: emitting loginSuccess signal with userId:22 userName:用户22
[2025-12-02 13:12:44.736] main.cpp: ç»å½æåä¿¡å·è§¦åï¼åå¤å¤çè·³è½¬ï¼userId:22 userName:用户22
[2025-12-02 13:12:44.791] main.cpp: ChatWindowæ¾ç¤ºæåï¼è·³è½¬å®æ
[2025-12-02 13:12:44.791] main.cpp: ChatWindowå¤§å°: (800, 600)
[2025-12-02 13:12:44.791] main.cpp: ChatWindowä½ç½®: (100, 100)
[2025-12-02 13:22:42.901] main.cpp: ä¿¡å·æ§½è¿æ¥ç»æ:SUCCESS
[2025-12-02 13:22:46.606] LoginWindow: emitting loginSuccess signal with userId:22 userName:用户22
[2025-12-02 13:22:46.606] main.cpp: ç»å½æåä¿¡å·è§¦åï¼åå¤å¤çè·³è½¬ï¼userId:22 userName:用户22
[2025-12-02 13:22:46.661] main.cpp: ChatWindowæ¾ç¤ºæåï¼è·³è½¬å®æ
[2025-12-02 13:22:46.661] main.cpp: ChatWindowå¤§å°: (800, 600)
[2025-12-02 13:22:46.661] main.cpp: ChatWindowä½ç½®: (100, 100)
[2025-12-02 13:24:22.448] main.cpp: ä¿¡å·æ§½è¿æ¥ç»æ:SUCCESS
[2025-12-02 13:24:27.874] LoginWindow: emitting loginSuccess signal with userId:31 userName:用户31
[2025-12-02 13:24:27.874] main.cpp: ç»å½æåä¿¡å·è§¦åï¼åå¤å¤çè·³è½¬ï¼userId:31 userName:用户31
[2025-12-02 13:24:27.929] main.cpp: ChatWindowæ¾ç¤ºæåï¼è·³è½¬å®æ
[2025-12-02 13:24:27.929] main.cpp: ChatWindowå¤§å°: (800, 600)
[2025-12-02 13:24:27.929] main.cpp: ChatWindowä½ç½®: (100, 100)
[2025-12-02 13:24:54.205] main.cpp: ä¿¡å·æ§½è¿æ¥ç»æ:SUCCESS
[2025-12-02 13:24:58.476] LoginWindow: emitting loginSuccess signal with userId:31 userName:用户31
[2025-12-02 13:24:58.478] main.cpp: ç»å½æåä¿¡å·è§¦åï¼åå¤å¤çè·³è½¬ï¼userId:31 userName:用户31
[2025-12-02 13:24:58.533] main.cpp: ChatWindowæ¾ç¤ºæåï¼è·³è½¬å®æ
[2025-12-02 13:24:58.533] main.cpp: ChatWindowå¤§å°: (800, 600)
[2025-12-02 13:24:58.533] main.cpp: ChatWindowä½ç½®: (100, 100)
[2025-12-02 16:09:00.041] main.cpp: ä¿¡å·æ§½è¿æ¥ç»æ:SUCCESS
[2025-12-02 16:09:05.123] LoginWindow: emitting loginSuccess signal with userId:22 userName:用户22
[2025-12-02 16:09:05.123] main.cpp: ç»å½æåä¿¡å·è§¦åï¼åå¤å¤çè·³è½¬ï¼userId:22 userName:用户22
[2025-12-02 16:09:05.178] main.cpp: ChatWindowæ¾ç¤ºæåï¼è·³è½¬å®æ
[2025-12-02 16:09:05.178] main.cpp: ChatWindowå¤§å°: (800, 600)
[2025-12-02 16:09:05.178] main.cpp: ChatWindowä½ç½®: (100, 100)
[2025-12-02 16:10:01.632] main.cpp: ä¿¡å·æ§½è¿æ¥ç»æ:SUCCESS
[2025-12-02 16:10:10.468] LoginWindow: emitting loginSuccess signal with userId:31 userName:用户31
[2025-12-02 16:10:10.468] main.cpp: ç»å½æåä¿¡å·è§¦åï¼åå¤å¤çè·³è½¬ï¼userId:31 userName:用户31
[2025-12-02 16:10:10.523] main.cpp: ChatWindowæ¾ç¤ºæåï¼è·³è½¬å®æ
[2025-12-02 16:10:10.523] main.cpp: ChatWindowå¤§å°: (800, 600)
[2025-12-02 16:10:10.523] main.cpp: ChatWindowä½ç½®: (100, 100)
[2025-12-02 16:11:22.934] main.cpp: ä¿¡å·æ§½è¿æ¥ç»æ:SUCCESS
[2025-12-02 16:11:27.170] LoginWindow: emitting loginSuccess signal with userId:22 userName:用户22
[2025-12-02 16:11:27.170] main.cpp: ç»å½æåä¿¡å·è§¦åï¼åå¤å¤çè·³è½¬ï¼userId:22 userName:用户22
[2025-12-02 16:11:27.226] main.cpp: ChatWindowæ¾ç¤ºæåï¼è·³è½¬å®æ
[2025-12-02 16:11:27.226] main.cpp: ChatWindowå¤§å°: (800, 600)
[2025-12-02 16:11:27.226] main.cpp: ChatWindowä½ç½®: (100, 100)
[2025-12-02 16:12:08.478] main.cpp: ä¿¡å·æ§½è¿æ¥ç»æ:SUCCESS
[2025-12-02 16:12:12.886] LoginWindow: emitting loginSuccess signal with userId:31 userName:用户31
[2025-12-02 16:12:12.886] main.cpp: ç»å½æåä¿¡å·è§¦åï¼åå¤å¤çè·³è½¬ï¼userId:31 userName:用户31
[2025-12-02 16:12:12.941] main.cpp: ChatWindowæ¾ç¤ºæåï¼è·³è½¬å®æ
[2025-12-02 16:12:12.941] main.cpp: ChatWindowå¤§å°: (800, 600)
[2025-12-02 16:12:12.941] main.cpp: ChatWindowä½ç½®: (100, 100)
[2025-12-02 16:20:15.656] main.cpp: ä¿¡å·æ§½è¿æ¥ç»æ:SUCCESS
[2025-12-02 16:20:22.837] LoginWindow: emitting loginSuccess signal with userId:22 userName:用户22
[2025-12-02 16:20:22.837] main.cpp: ç»å½æåä¿¡å·è§¦åï¼åå¤å¤çè·³è½¬ï¼userId:22 userName:用户22
[2025-12-02 16:20:22.892] main.cpp: ChatWindowæ¾ç¤ºæåï¼è·³è½¬å®æ
[2025-12-02 16:20:22.892] main.cpp: ChatWindowå¤§å°: (800, 600)
[2025-12-02 16:20:22.892] main.cpp: ChatWindowä½ç½®: (100, 100)
[2025-12-02 16:20:45.049] main.cpp: ä¿¡å·æ§½è¿æ¥ç»æ:SUCCESS
[2025-12-02 16:20:50.957] LoginWindow: emitting loginSuccess signal with userId:31 userName:用户31
[2025-12-02 16:20:50.957] main.cpp: ç»å½æåä¿¡å·è§¦åï¼åå¤å¤çè·³è½¬ï¼userId:31 userName:用户31
[2025-12-02 16:20:51.012] main.cpp: ChatWindowæ¾ç¤ºæåï¼è·³è½¬å®æ
[2025-12-02 16:20:51.012] main.cpp: ChatWindowå¤§å°: (800, 600)
[2025-12-02 16:20:51.012] main.cpp: ChatWindowä½ç½®: (100, 100)
[2025-12-02 16:26:51.639] main.cpp: ä¿¡å·æ§½è¿æ¥ç»æ:SUCCESS
[2025-12-02 16:26:56.262] LoginWindow: emitting loginSuccess signal with userId:22 userName:用户22
[2025-12-02 16:26:56.262] main.cpp: ç»å½æåä¿¡å·è§¦åï¼åå¤å¤çè·³è½¬ï¼userId:22 userName:用户22
[2025-12-02 16:26:56.317] main.cpp: ChatWindowæ¾ç¤ºæåï¼è·³è½¬å®æ
[2025-12-02 16:26:56.317] main.cpp: ChatWindowå¤§å°: (800, 600)
[2025-12-02 16:26:56.317] main.cpp: ChatWindowä½ç½®: (100, 100)
[2025-12-02 16:27:13.655] main.cpp: ä¿¡å·æ§½è¿æ¥ç»æ:SUCCESS
[2025-12-02 16:27:18.210] LoginWindow: emitting loginSuccess signal with userId:31 userName:用户31
[2025-12-02 16:27:18.210] main.cpp: ç»å½æåä¿¡å·è§¦åï¼åå¤å¤çè·³è½¬ï¼userId:31 userName:用户31
[2025-12-02 16:31:28.991] main.cpp: ä¿¡å·æ§½è¿æ¥ç»æ:SUCCESS
[2025-12-02 16:31:33.346] LoginWindow: emitting loginSuccess signal with userId:22 userName:用户22
[2025-12-02 16:31:33.346] main.cpp: ç»å½æåä¿¡å·è§¦åï¼åå¤å¤çè·³è½¬ï¼userId:22 userName:用户22
[2025-12-02 16:31:33.403] main.cpp: ChatWindowæ¾ç¤ºæåï¼è·³è½¬å®æ
[2025-12-02 16:31:33.403] main.cpp: ChatWindowå¤§å°: (800, 600)
[2025-12-02 16:31:33.403] main.cpp: ChatWindowä½ç½®: (100, 100)
[2025-12-02 16:31:48.946] main.cpp: ä¿¡å·æ§½è¿æ¥ç»æ:SUCCESS
[2025-12-02 16:31:57.242] LoginWindow: emitting loginSuccess signal with userId:31 userName:用户31
[2025-12-02 16:31:57.242] main.cpp: ç»å½æåä¿¡å·è§¦åï¼åå¤å¤çè·³è½¬ï¼userId:31 userName:用户31
[2025-12-02 16:31:57.297] main.cpp: ChatWindowæ¾ç¤ºæåï¼è·³è½¬å®æ
[2025-12-02 16:31:57.297] main.cpp: ChatWindowå¤§å°: (800, 600)
[2025-12-02 16:31:57.297] main.cpp: ChatWindowä½ç½®: (100, 100)
[2025-12-02 16:32:31.550] main.cpp: ä¿¡å·æ§½è¿æ¥ç»æ:SUCCESS
[2025-12-02 16:32:38.485] LoginWindow: emitting loginSuccess signal with userId:26 userName:用户26
[2025-12-02 16:32:38.485] main.cpp: ç»å½æåä¿¡å·è§¦åï¼åå¤å¤çè·³è½¬ï¼userId:26 userName:用户26
[2025-12-02 16:32:38.543] main.cpp: ChatWindowæ¾ç¤ºæåï¼è·³è½¬å®æ
[2025-12-02 16:32:38.543] main.cpp: ChatWindowå¤§å°: (800, 600)
[2025-12-02 16:32:38.543] main.cpp: ChatWindowä½ç½®: (100, 100)
[2025-12-02 16:33:39.883] main.cpp: ä¿¡å·æ§½è¿æ¥ç»æ:SUCCESS
[2025-12-02 16:34:04.854] LoginWindow: emitting loginSuccess signal with userId:31 userName:用户31
[2025-12-02 16:34:04.854] main.cpp: ç»å½æåä¿¡å·è§¦åï¼åå¤å¤çè·³è½¬ï¼userId:31 userName:用户31
[2025-12-02 16:34:04.910] main.cpp: ChatWindowæ¾ç¤ºæåï¼è·³è½¬å®æ
[2025-12-02 16:34:04.910] main.cpp: ChatWindowå¤§å°: (800, 600)
[2025-12-02 16:34:04.910] main.cpp: ChatWindowä½ç½®: (100, 100)
[2025-12-02 16:37:12.455] main.cpp: ä¿¡å·æ§½è¿æ¥ç»æ:SUCCESS
[2025-12-02 16:37:16.366] LoginWindow: emitting loginSuccess signal with userId:22 userName:用户22
[2025-12-02 16:37:16.366] main.cpp: ç»å½æåä¿¡å·è§¦åï¼åå¤å¤çè·³è½¬ï¼userId:22 userName:用户22
[2025-12-02 16:37:16.421] main.cpp: ChatWindowæ¾ç¤ºæåï¼è·³è½¬å®æ
[2025-12-02 16:37:16.421] main.cpp: ChatWindowå¤§å°: (800, 600)
[2025-12-02 16:37:16.421] main.cpp: ChatWindowä½ç½®: (100, 100)
[2025-12-02 16:37:29.833] main.cpp: ä¿¡å·æ§½è¿æ¥ç»æ:SUCCESS
[2025-12-02 16:37:33.934] LoginWindow: emitting loginSuccess signal with userId:31 userName:用户31
[2025-12-02 16:37:33.935] main.cpp: ç»å½æåä¿¡å·è§¦åï¼åå¤å¤çè·³è½¬ï¼userId:31 userName:用户31
[2025-12-02 16:37:33.991] main.cpp: ChatWindowæ¾ç¤ºæåï¼è·³è½¬å®æ
[2025-12-02 16:37:33.991] main.cpp: ChatWindowå¤§å°: (800, 600)
[2025-12-02 16:37:33.991] main.cpp: ChatWindowä½ç½®: (100, 100)
[2025-12-02 16:38:02.833] main.cpp: ä¿¡å·æ§½è¿æ¥ç»æ:SUCCESS
[2025-12-02 16:38:09.789] LoginWindow: emitting loginSuccess signal with userId:26 userName:用户26
[2025-12-02 16:38:09.789] main.cpp: ç»å½æåä¿¡å·è§¦åï¼åå¤å¤çè·³è½¬ï¼userId:26 userName:用户26
[2025-12-02 16:38:09.844] main.cpp: ChatWindowæ¾ç¤ºæåï¼è·³è½¬å®æ
[2025-12-02 16:38:09.845] main.cpp: ChatWindowå¤§å°: (800, 600)
[2025-12-02 16:38:09.845] main.cpp: ChatWindowä½ç½®: (100, 100)
[2025-12-02 16:47:55.194] main.cpp: ä¿¡å·æ§½è¿æ¥ç»æ:SUCCESS
[2025-12-02 16:47:59.192] LoginWindow: emitting loginSuccess signal with userId:22 userName:用户22
[2025-12-02 16:47:59.192] main.cpp: ç»å½æåä¿¡å·è§¦åï¼åå¤å¤çè·³è½¬ï¼userId:22 userName:用户22
[2025-12-02 16:47:59.247] main.cpp: ChatWindowæ¾ç¤ºæåï¼è·³è½¬å®æ
[2025-12-02 16:47:59.247] main.cpp: ChatWindowå¤§å°: (800, 600)
[2025-12-02 16:47:59.247] main.cpp: ChatWindowä½ç½®: (100, 100)
[2025-12-02 16:48:12.937] main.cpp: ä¿¡å·æ§½è¿æ¥ç»æ:SUCCESS
[2025-12-02 16:48:17.607] LoginWindow: emitting loginSuccess signal with userId:31 userName:用户31
[2025-12-02 16:48:17.607] main.cpp: ç»å½æåä¿¡å·è§¦åï¼åå¤å¤çè·³è½¬ï¼userId:31 userName:用户31
[2025-12-02 16:48:17.662] main.cpp: ChatWindowæ¾ç¤ºæåï¼è·³è½¬å®æ
[2025-12-02 16:48:17.662] main.cpp: ChatWindowå¤§å°: (800, 600)
[2025-12-02 16:48:17.662] main.cpp: ChatWindowä½ç½®: (100, 100)
[2025-12-02 16:48:40.102] main.cpp: ä¿¡å·æ§½è¿æ¥ç»æ:SUCCESS
[2025-12-02 16:48:46.528] LoginWindow: emitting loginSuccess signal with userId:26 userName:用户26
[2025-12-02 16:48:46.528] main.cpp: ç»å½æåä¿¡å·è§¦åï¼åå¤å¤çè·³è½¬ï¼userId:26 userName:用户26
[2025-12-02 16:48:46.584] main.cpp: ChatWindowæ¾ç¤ºæåï¼è·³è½¬å®æ
[2025-12-02 16:48:46.584] main.cpp: ChatWindowå¤§å°: (800, 600)
[2025-12-02 16:48:46.584] main.cpp: ChatWindowä½ç½®: (100, 100)
[2025-12-02 16:49:33.328] main.cpp: ä¿¡å·æ§½è¿æ¥ç»æ:SUCCESS
[2025-12-02 16:49:38.176] LoginWindow: emitting loginSuccess signal with userId:22 userName:用户22
[2025-12-02 16:49:38.177] main.cpp: ç»å½æåä¿¡å·è§¦åï¼åå¤å¤çè·³è½¬ï¼userId:22 userName:用户22
[2025-12-02 16:49:38.233] main.cpp: ChatWindowæ¾ç¤ºæåï¼è·³è½¬å®æ
[2025-12-02 16:49:38.233] main.cpp: ChatWindowå¤§å°: (800, 600)
[2025-12-02 16:49:38.233] main.cpp: ChatWindowä½ç½®: (100, 100)
[2025-12-02 16:49:53.837] main.cpp: ä¿¡å·æ§½è¿æ¥ç»æ:SUCCESS
[2025-12-02 16:49:59.539] LoginWindow: emitting loginSuccess signal with userId:26 userName:用户26
[2025-12-02 16:49:59.539] main.cpp: ç»å½æåä¿¡å·è§¦åï¼åå¤å¤çè·³è½¬ï¼userId:26 userName:用户26
[2025-12-02 16:49:59.594] main.cpp: ChatWindowæ¾ç¤ºæåï¼è·³è½¬å®æ
[2025-12-02 16:49:59.594] main.cpp: ChatWindowå¤§å°: (800, 600)
[2025-12-02 16:49:59.594] main.cpp: ChatWindowä½ç½®: (100, 100)
[2025-12-02 16:50:16.621] main.cpp: ä¿¡å·æ§½è¿æ¥ç»æ:SUCCESS
[2025-12-02 16:50:20.637] LoginWindow: emitting loginSuccess signal with userId:22 userName:用户22
[2025-12-02 16:50:20.637] main.cpp: ç»å½æåä¿¡å·è§¦åï¼åå¤å¤çè·³è½¬ï¼userId:22 userName:用户22
[2025-12-02 16:50:20.696] main.cpp: ChatWindowæ¾ç¤ºæåï¼è·³è½¬å®æ
[2025-12-02 16:50:20.696] main.cpp: ChatWindowå¤§å°: (800, 600)
[2025-12-02 16:50:20.696] main.cpp: ChatWindowä½ç½®: (100, 100)
[2025-12-02 16:54:05.710] main.cpp: ä¿¡å·æ§½è¿æ¥ç»æ:SUCCESS
[2025-12-02 16:54:09.973] LoginWindow: emitting loginSuccess signal with userId:22 userName:用户22
[2025-12-02 16:54:09.973] main.cpp: ç»å½æåä¿¡å·è§¦åï¼åå¤å¤çè·³è½¬ï¼userId:22 userName:用户22
[2025-12-02 16:54:10.028] main.cpp: ChatWindowæ¾ç¤ºæåï¼è·³è½¬å®æ
[2025-12-02 16:54:10.028] main.cpp: ChatWindowå¤§å°: (800, 600)
[2025-12-02 16:54:10.028] main.cpp: ChatWindowä½ç½®: (100, 100)
[2025-12-02 16:57:52.214] main.cpp: ä¿¡å·æ§½è¿æ¥ç»æ:SUCCESS
[2025-12-02 16:57:56.275] LoginWindow: emitting loginSuccess signal with userId:22 userName:用户22
[2025-12-02 16:57:56.275] main.cpp: ç»å½æåä¿¡å·è§¦åï¼åå¤å¤çè·³è½¬ï¼userId:22 userName:用户22
[2025-12-02 16:57:56.330] main.cpp: ChatWindowæ¾ç¤ºæåï¼è·³è½¬å®æ
[2025-12-02 16:57:56.330] main.cpp: ChatWindowå¤§å°: (800, 600)
[2025-12-02 16:57:56.330] main.cpp: ChatWindowä½ç½®: (100, 100)
[2025-12-02 16:58:17.585] main.cpp: ä¿¡å·æ§½è¿æ¥ç»æ:SUCCESS
[2025-12-02 16:58:22.163] LoginWindow: emitting loginSuccess signal with userId:22 userName:用户22
[2025-12-02 16:58:22.163] main.cpp: ç»å½æåä¿¡å·è§¦åï¼åå¤å¤çè·³è½¬ï¼userId:22 userName:用户22
[2025-12-02 16:58:22.218] main.cpp: ChatWindowæ¾ç¤ºæåï¼è·³è½¬å®æ
[2025-12-02 16:58:22.218] main.cpp: ChatWindowå¤§å°: (800, 600)
[2025-12-02 16:58:22.218] main.cpp: ChatWindowä½ç½®: (100, 100)
[2025-12-02 17:02:15.199] main.cpp: ä¿¡å·æ§½è¿æ¥ç»æ:SUCCESS
[2025-12-02 17:02:19.174] LoginWindow: emitting loginSuccess signal with userId:22 userName:用户22
[2025-12-02 17:02:19.174] main.cpp: ç»å½æåä¿¡å·è§¦åï¼åå¤å¤çè·³è½¬ï¼userId:22 userName:用户22
[2025-12-02 17:02:19.229] main.cpp: ChatWindowæ¾ç¤ºæåï¼è·³è½¬å®æ
[2025-12-02 17:02:19.229] main.cpp: ChatWindowå¤§å°: (800, 600)
[2025-12-02 17:02:19.229] main.cpp: ChatWindowä½ç½®: (100, 100)
[2025-12-02 17:06:56.823] main.cpp: ä¿¡å·æ§½è¿æ¥ç»æ:SUCCESS
[2025-12-02 17:07:00.888] LoginWindow: emitting loginSuccess signal with userId:22 userName:用户22
[2025-12-02 17:07:00.888] main.cpp: ç»å½æåä¿¡å·è§¦åï¼åå¤å¤çè·³è½¬ï¼userId:22 userName:用户22
[2025-12-02 17:07:00.943] main.cpp: ChatWindowæ¾ç¤ºæåï¼è·³è½¬å®æ
[2025-12-02 17:07:00.943] main.cpp: ChatWindowå¤§å°: (800, 600)
[2025-12-02 17:07:00.943] main.cpp: ChatWindowä½ç½®: (100, 100)
[2025-12-02 17:10:03.518] main.cpp: ä¿¡å·æ§½è¿æ¥ç»æ:SUCCESS
[2025-12-02 17:10:07.722] LoginWindow: emitting loginSuccess signal with userId:22 userName:用户22
[2025-12-02 17:10:07.722] main.cpp: ç»å½æåä¿¡å·è§¦åï¼åå¤å¤çè·³è½¬ï¼userId:22 userName:用户22
[2025-12-02 17:10:07.777] main.cpp: ChatWindowæ¾ç¤ºæåï¼è·³è½¬å®æ
[2025-12-02 17:10:07.777] main.cpp: ChatWindowå¤§å°: (800, 600)
[2025-12-02 17:10:07.777] main.cpp: ChatWindowä½ç½®: (100, 100)
[2025-12-02 17:12:45.141] main.cpp: ä¿¡å·æ§½è¿æ¥ç»æ:SUCCESS
[2025-12-02 17:12:49.835] LoginWindow: emitting loginSuccess signal with userId:22 userName:用户22
[2025-12-02 17:12:49.835] main.cpp: ç»å½æåä¿¡å·è§¦åï¼åå¤å¤çè·³è½¬ï¼userId:22 userName:用户22
[2025-12-02 17:12:49.890] main.cpp: ChatWindowæ¾ç¤ºæåï¼è·³è½¬å®æ
[2025-12-02 17:12:49.890] main.cpp: ChatWindowå¤§å°: (800, 600)
[2025-12-02 17:12:49.890] main.cpp: ChatWindowä½ç½®: (100, 100)
[2025-12-02 17:14:30.102] main.cpp: ä¿¡å·æ§½è¿æ¥ç»æ:SUCCESS
[2025-12-02 17:14:33.920] LoginWindow: emitting loginSuccess signal with userId:22 userName:用户22
[2025-12-02 17:14:33.920] main.cpp: ç»å½æåä¿¡å·è§¦åï¼åå¤å¤çè·³è½¬ï¼userId:22 userName:用户22
[2025-12-02 17:14:33.975] main.cpp: ChatWindowæ¾ç¤ºæåï¼è·³è½¬å®æ
[2025-12-02 17:14:33.976] main.cpp: ChatWindowå¤§å°: (800, 600)
[2025-12-02 17:14:33.976] main.cpp: ChatWindowä½ç½®: (100, 100)
[2025-12-02 17:14:49.710] main.cpp: ä¿¡å·æ§½è¿æ¥ç»æ:SUCCESS
[2025-12-02 17:14:55.255] LoginWindow: emitting loginSuccess signal with userId:26 userName:用户26
[2025-12-02 17:14:55.255] main.cpp: ç»å½æåä¿¡å·è§¦åï¼åå¤å¤çè·³è½¬ï¼userId:26 userName:用户26
[2025-12-02 17:14:55.311] main.cpp: ChatWindowæ¾ç¤ºæåï¼è·³è½¬å®æ
[2025-12-02 17:14:55.311] main.cpp: ChatWindowå¤§å°: (800, 600)
[2025-12-02 17:14:55.311] main.cpp: ChatWindowä½ç½®: (100, 100)
[2025-12-02 17:16:11.749] main.cpp: ä¿¡å·æ§½è¿æ¥ç»æ:SUCCESS
[2025-12-02 17:16:16.316] LoginWindow: emitting loginSuccess signal with userId:26 userName:用户26
[2025-12-02 17:16:16.316] main.cpp: ç»å½æåä¿¡å·è§¦åï¼åå¤å¤çè·³è½¬ï¼userId:26 userName:用户26
[2025-12-02 17:16:16.371] main.cpp: ChatWindowæ¾ç¤ºæåï¼è·³è½¬å®æ
[2025-12-02 17:16:16.371] main.cpp: ChatWindowå¤§å°: (800, 600)
[2025-12-02 17:16:16.371] main.cpp: ChatWindowä½ç½®: (100, 100)
[2025-12-02 23:19:43.939] main.cpp: ä¿¡å·æ§½è¿æ¥ç»æ:SUCCESS
[2025-12-02 23:19:49.015] LoginWindow: emitting loginSuccess signal with userId:22 userName:用户22
[2025-12-02 23:19:49.015] main.cpp: ç»å½æåä¿¡å·è§¦åï¼åå¤å¤çè·³è½¬ï¼userId:22 userName:用户22
[2025-12-02 23:19:49.204] main.cpp: ChatWindowæ¾ç¤ºæåï¼è·³è½¬å®æ
[2025-12-02 23:19:49.205] main.cpp: ChatWindowå¤§å°: (800, 600)
[2025-12-02 23:19:49.205] main.cpp: ChatWindowä½ç½®: (100, 100)
[2025-12-02 23:19:58.932] main.cpp: ä¿¡å·æ§½è¿æ¥ç»æ:SUCCESS
[2025-12-02 23:20:06.721] LoginWindow: emitting loginSuccess signal with userId:26 userName:用户26
[2025-12-02 23:20:06.729] main.cpp: ç»å½æåä¿¡å·è§¦åï¼åå¤å¤çè·³è½¬ï¼userId:26 userName:用户26
[2025-12-02 23:20:06.805] main.cpp: ChatWindowæ¾ç¤ºæåï¼è·³è½¬å®æ
[2025-12-02 23:20:06.805] main.cpp: ChatWindowå¤§å°: (800, 600)
[2025-12-02 23:20:06.805] main.cpp: ChatWindowä½ç½®: (100, 100)
[2025-12-02 23:25:32.555] main.cpp: ä¿¡å·æ§½è¿æ¥ç»æ:SUCCESS
[2025-12-02 23:25:37.284] LoginWindow: emitting loginSuccess signal with userId:22 userName:用户22
[2025-12-02 23:25:37.284] main.cpp: ç»å½æåä¿¡å·è§¦åï¼åå¤å¤çè·³è½¬ï¼userId:22 userName:用户22
[2025-12-02 23:25:37.371] main.cpp: ChatWindowæ¾ç¤ºæåï¼è·³è½¬å®æ
[2025-12-02 23:25:37.371] main.cpp: ChatWindowå¤§å°: (800, 600)
[2025-12-02 23:25:37.371] main.cpp: ChatWindowä½ç½®: (100, 100)
[2025-12-02 23:25:44.219] main.cpp: ä¿¡å·æ§½è¿æ¥ç»æ:SUCCESS
[2025-12-02 23:25:49.731] LoginWindow: emitting loginSuccess signal with userId:26 userName:用户26
[2025-12-02 23:25:49.731] main.cpp: ç»å½æåä¿¡å·è§¦åï¼åå¤å¤çè·³è½¬ï¼userId:26 userName:用户26
[2025-12-02 23:25:49.797] main.cpp: ChatWindowæ¾ç¤ºæåï¼è·³è½¬å®æ
[2025-12-02 23:25:49.797] main.cpp: ChatWindowå¤§å°: (800, 600)
[2025-12-02 23:25:49.797] main.cpp: ChatWindowä½ç½®: (100, 100)
[2025-12-02 23:34:16.353] main.cpp: ä¿¡å·æ§½è¿æ¥ç»æ:SUCCESS
[2025-12-02 23:34:21.381] LoginWindow: emitting loginSuccess signal with userId:22 userName:用户22
[2025-12-02 23:34:21.382] main.cpp: ç»å½æåä¿¡å·è§¦åï¼åå¤å¤çè·³è½¬ï¼userId:22 userName:用户22
[2025-12-02 23:34:21.479] main.cpp: ChatWindowæ¾ç¤ºæåï¼è·³è½¬å®æ
[2025-12-02 23:34:21.480] main.cpp: ChatWindowå¤§å°: (800, 600)
[2025-12-02 23:34:21.480] main.cpp: ChatWindowä½ç½®: (100, 100)
[2025-12-02 23:34:33.369] main.cpp: ä¿¡å·æ§½è¿æ¥ç»æ:SUCCESS
[2025-12-02 23:34:39.496] LoginWindow: emitting loginSuccess signal with userId:26 userName:用户26
[2025-12-02 23:34:39.497] main.cpp: ç»å½æåä¿¡å·è§¦åï¼åå¤å¤çè·³è½¬ï¼userId:26 userName:用户26
[2025-12-02 23:34:39.582] main.cpp: ChatWindowæ¾ç¤ºæåï¼è·³è½¬å®æ
[2025-12-02 23:34:39.583] main.cpp: ChatWindowå¤§å°: (800, 600)
[2025-12-02 23:34:39.583] main.cpp: ChatWindowä½ç½®: (100, 100)
[2025-12-02 23:38:32.715] main.cpp: ä¿¡å·æ§½è¿æ¥ç»æ:SUCCESS
[2025-12-02 23:38:37.549] LoginWindow: emitting loginSuccess signal with userId:22 userName:用户22
[2025-12-02 23:38:37.549] main.cpp: ç»å½æåä¿¡å·è§¦åï¼åå¤å¤çè·³è½¬ï¼userId:22 userName:用户22
[2025-12-02 23:38:37.628] main.cpp: ChatWindowæ¾ç¤ºæåï¼è·³è½¬å®æ
[2025-12-02 23:38:37.628] main.cpp: ChatWindowå¤§å°: (800, 600)
[2025-12-02 23:38:37.628] main.cpp: ChatWindowä½ç½®: (100, 100)
[2025-12-02 23:38:44.450] main.cpp: ä¿¡å·æ§½è¿æ¥ç»æ:SUCCESS
[2025-12-02 23:38:50.579] LoginWindow: emitting loginSuccess signal with userId:26 userName:用户26
[2025-12-02 23:38:50.580] main.cpp: ç»å½æåä¿¡å·è§¦åï¼åå¤å¤çè·³è½¬ï¼userId:26 userName:用户26
[2025-12-02 23:38:50.657] main.cpp: ChatWindowæ¾ç¤ºæåï¼è·³è½¬å®æ
[2025-12-02 23:38:50.658] main.cpp: ChatWindowå¤§å°: (800, 600)
[2025-12-02 23:38:50.658] main.cpp: ChatWindowä½ç½®: (100, 100)
[2025-12-02 23:44:17.605] main.cpp: ä¿¡å·æ§½è¿æ¥ç»æ:SUCCESS
[2025-12-02 23:44:22.333] LoginWindow: emitting loginSuccess signal with userId:22 userName:用户22
[2025-12-02 23:44:22.334] main.cpp: ç»å½æåä¿¡å·è§¦åï¼åå¤å¤çè·³è½¬ï¼userId:22 userName:用户22
[2025-12-02 23:44:22.424] main.cpp: ChatWindowæ¾ç¤ºæåï¼è·³è½¬å®æ
[2025-12-02 23:44:22.424] main.cpp: ChatWindowå¤§å°: (800, 600)
[2025-12-02 23:44:22.424] main.cpp: ChatWindowä½ç½®: (100, 100)
[2025-12-02 23:44:28.849] main.cpp: ä¿¡å·æ§½è¿æ¥ç»æ:SUCCESS
[2025-12-02 23:44:34.547] LoginWindow: emitting loginSuccess signal with userId:26 userName:用户26
[2025-12-02 23:44:34.548] main.cpp: ç»å½æåä¿¡å·è§¦åï¼åå¤å¤çè·³è½¬ï¼userId:26 userName:用户26
[2025-12-02 23:44:34.641] main.cpp: ChatWindowæ¾ç¤ºæåï¼è·³è½¬å®æ
[2025-12-02 23:44:34.641] main.cpp: ChatWindowå¤§å°: (800, 600)
[2025-12-02 23:44:34.641] main.cpp: ChatWindowä½ç½®: (100, 100)
[2025-12-02 23:49:15.207] main.cpp: ä¿¡å·æ§½è¿æ¥ç»æ:SUCCESS
[2025-12-02 23:49:31.106] LoginWindow: emitting loginSuccess signal with userId:22 userName:用户22
[2025-12-02 23:49:31.106] main.cpp: ç»å½æåä¿¡å·è§¦åï¼åå¤å¤çè·³è½¬ï¼userId:22 userName:用户22
[2025-12-02 23:49:31.181] main.cpp: ChatWindowæ¾ç¤ºæåï¼è·³è½¬å®æ
[2025-12-02 23:49:31.181] main.cpp: ChatWindowå¤§å°: (800, 600)
[2025-12-02 23:49:31.182] main.cpp: ChatWindowä½ç½®: (100, 100)
[2025-12-02 23:49:41.319] main.cpp: ä¿¡å·æ§½è¿æ¥ç»æ:SUCCESS
[2025-12-02 23:49:47.579] LoginWindow: emitting loginSuccess signal with userId:26 userName:用户26
[2025-12-02 23:49:47.581] main.cpp: ç»å½æåä¿¡å·è§¦åï¼åå¤å¤çè·³è½¬ï¼userId:26 userName:用户26
[2025-12-02 23:49:47.662] main.cpp: ChatWindowæ¾ç¤ºæåï¼è·³è½¬å®æ
[2025-12-02 23:49:47.662] main.cpp: ChatWindowå¤§å°: (800, 600)
[2025-12-02 23:49:47.662] main.cpp: ChatWindowä½ç½®: (100, 100)
[2025-12-03 00:18:47.771] main.cpp: ä¿¡å·æ§½è¿æ¥ç»æ:SUCCESS
[2025-12-03 00:18:53.468] LoginWindow: emitting loginSuccess signal with userId:22 userName:用户22
[2025-12-03 00:18:53.468] main.cpp: ç»å½æåä¿¡å·è§¦åï¼åå¤å¤çè·³è½¬ï¼userId:22 userName:用户22
[2025-12-03 00:18:53.551] main.cpp: ChatWindowæ¾ç¤ºæåï¼è·³è½¬å®æ
[2025-12-03 00:18:53.551] main.cpp: ChatWindowå¤§å°: (800, 600)
[2025-12-03 00:18:53.551] main.cpp: ChatWindowä½ç½®: (100, 100)
[2025-12-03 00:23:38.430] main.cpp: ä¿¡å·æ§½è¿æ¥ç»æ:SUCCESS
[2025-12-03 00:23:48.081] LoginWindow: emitting loginSuccess signal with userId:22 userName:用户22
[2025-12-03 00:23:48.081] main.cpp: ç»å½æåä¿¡å·è§¦åï¼åå¤å¤çè·³è½¬ï¼userId:22 userName:用户22
[2025-12-03 00:23:48.231] main.cpp: ChatWindowæ¾ç¤ºæåï¼è·³è½¬å®æ
[2025-12-03 00:23:48.231] main.cpp: ChatWindowå¤§å°: (800, 600)
[2025-12-03 00:23:48.231] main.cpp: ChatWindowä½ç½®: (100, 100)
[2025-12-03 00:34:46.666] main.cpp: ä¿¡å·æ§½è¿æ¥ç»æ:SUCCESS
[2025-12-03 00:35:00.438] LoginWindow: emitting loginSuccess signal with userId:22 userName:用户22
[2025-12-03 00:35:00.438] main.cpp: ç»å½æåä¿¡å·è§¦åï¼åå¤å¤çè·³è½¬ï¼userId:22 userName:用户22
[2025-12-03 00:35:00.564] main.cpp: ChatWindowæ¾ç¤ºæåï¼è·³è½¬å®æ
[2025-12-03 00:35:00.564] main.cpp: ChatWindowå¤§å°: (800, 600)
[2025-12-03 00:35:00.564] main.cpp: ChatWindowä½ç½®: (100, 100)
[2025-12-03 00:39:56.777] main.cpp: ä¿¡å·æ§½è¿æ¥ç»æ:SUCCESS
[2025-12-03 00:40:01.742] LoginWindow: emitting loginSuccess signal with userId:22 userName:用户22
[2025-12-03 00:40:01.743] main.cpp: ç»å½æåä¿¡å·è§¦åï¼åå¤å¤çè·³è½¬ï¼userId:22 userName:用户22
[2025-12-03 00:40:01.887] main.cpp: ChatWindowæ¾ç¤ºæåï¼è·³è½¬å®æ
[2025-12-03 00:40:01.887] main.cpp: ChatWindowå¤§å°: (800, 600)
[2025-12-03 00:40:01.887] main.cpp: ChatWindowä½ç½®: (100, 100)
[2025-12-03 00:49:29.620] main.cpp: ä¿¡å·æ§½è¿æ¥ç»æ:SUCCESS
[2025-12-03 00:50:34.106] LoginWindow: emitting loginSuccess signal with userId:22 userName:用户22
[2025-12-03 00:50:34.107] main.cpp: ç»å½æåä¿¡å·è§¦åï¼åå¤å¤çè·³è½¬ï¼userId:22 userName:用户22
[2025-12-03 00:50:34.214] main.cpp: ChatWindowæ¾ç¤ºæåï¼è·³è½¬å®æ
[2025-12-03 00:50:34.214] main.cpp: ChatWindowå¤§å°: (800, 600)
[2025-12-03 00:50:34.214] main.cpp: ChatWindowä½ç½®: (100, 100)
[2025-12-03 01:02:01.809] main.cpp: ä¿¡å·æ§½è¿æ¥ç»æ:SUCCESS
[2025-12-03 01:02:09.730] LoginWindow: emitting loginSuccess signal with userId:22 userName:用户22
[2025-12-03 01:02:09.731] main.cpp: ç»å½æåä¿¡å·è§¦åï¼åå¤å¤çè·³è½¬ï¼userId:22 userName:用户22
[2025-12-03 01:02:09.860] main.cpp: ChatWindowæ¾ç¤ºæåï¼è·³è½¬å®æ
[2025-12-03 01:02:09.860] main.cpp: ChatWindowå¤§å°: (800, 600)
[2025-12-03 01:02:09.860] main.cpp: ChatWindowä½ç½®: (100, 100)
[2025-12-03 01:05:20.598] main.cpp: ä¿¡å·æ§½è¿æ¥ç»æ:SUCCESS
[2025-12-03 01:05:26.642] LoginWindow: emitting loginSuccess signal with userId:22 userName:用户22
[2025-12-03 01:05:26.642] main.cpp: ç»å½æåä¿¡å·è§¦åï¼åå¤å¤çè·³è½¬ï¼userId:22 userName:用户22
[2025-12-03 01:05:26.765] main.cpp: ChatWindowæ¾ç¤ºæåï¼è·³è½¬å®æ
[2025-12-03 01:05:26.765] main.cpp: ChatWindowå¤§å°: (800, 600)
[2025-12-03 01:05:26.765] main.cpp: ChatWindowä½ç½®: (100, 100)
[2025-12-03 01:08:20.661] main.cpp: ä¿¡å·æ§½è¿æ¥ç»æ:SUCCESS
[2025-12-03 01:08:25.750] LoginWindow: emitting loginSuccess signal with userId:22 userName:用户22
[2025-12-03 01:08:25.750] main.cpp: ç»å½æåä¿¡å·è§¦åï¼åå¤å¤çè·³è½¬ï¼userId:22 userName:用户22
[2025-12-03 01:08:25.872] main.cpp: ChatWindowæ¾ç¤ºæåï¼è·³è½¬å®æ
[2025-12-03 01:08:25.872] main.cpp: ChatWindowå¤§å°: (800, 600)
[2025-12-03 01:08:25.872] main.cpp: ChatWindowä½ç½®: (100, 100)
[2025-12-03 01:10:40.587] main.cpp: ä¿¡å·æ§½è¿æ¥ç»æ:SUCCESS
[2025-12-03 01:10:45.074] LoginWindow: emitting loginSuccess signal with userId:22 userName:用户22
[2025-12-03 01:10:45.074] main.cpp: ç»å½æåä¿¡å·è§¦åï¼åå¤å¤çè·³è½¬ï¼userId:22 userName:用户22
[2025-12-03 01:10:45.169] main.cpp: ChatWindowæ¾ç¤ºæåï¼è·³è½¬å®æ
[2025-12-03 01:10:45.170] main.cpp: ChatWindowå¤§å°: (800, 600)
[2025-12-03 01:10:45.171] main.cpp: ChatWindowä½ç½®: (100, 100)
[2025-12-03 01:15:13.927] main.cpp: ä¿¡å·æ§½è¿æ¥ç»æ:SUCCESS
[2025-12-03 01:15:19.724] LoginWindow: emitting loginSuccess signal with userId:22 userName:用户22
[2025-12-03 01:15:19.725] main.cpp: ç»å½æåä¿¡å·è§¦åï¼åå¤å¤çè·³è½¬ï¼userId:22 userName:用户22
[2025-12-03 01:15:19.827] main.cpp: ChatWindowæ¾ç¤ºæåï¼è·³è½¬å®æ
[2025-12-03 01:15:19.827] main.cpp: ChatWindowå¤§å°: (800, 600)
[2025-12-03 01:15:19.828] main.cpp: ChatWindowä½ç½®: (100, 100)
[2025-12-03 01:17:14.531] main.cpp: ä¿¡å·æ§½è¿æ¥ç»æ:SUCCESS
[2025-12-03 01:17:19.509] LoginWindow: emitting loginSuccess signal with userId:22 userName:用户22
[2025-12-03 01:17:19.509] main.cpp: ç»å½æåä¿¡å·è§¦åï¼åå¤å¤çè·³è½¬ï¼userId:22 userName:用户22
[2025-12-03 01:17:19.626] main.cpp: ChatWindowæ¾ç¤ºæåï¼è·³è½¬å®æ
[2025-12-03 01:17:19.626] main.cpp: ChatWindowå¤§å°: (800, 600)
[2025-12-03 01:17:19.626] main.cpp: ChatWindowä½ç½®: (100, 100)
[2025-12-03 01:19:27.981] main.cpp: ä¿¡å·æ§½è¿æ¥ç»æ:SUCCESS
[2025-12-03 01:19:32.644] LoginWindow: emitting loginSuccess signal with userId:22 userName:用户22
[2025-12-03 01:19:32.644] main.cpp: ç»å½æåä¿¡å·è§¦åï¼åå¤å¤çè·³è½¬ï¼userId:22 userName:用户22
[2025-12-03 01:19:32.766] main.cpp: ChatWindowæ¾ç¤ºæåï¼è·³è½¬å®æ
[2025-12-03 01:19:32.766] main.cpp: ChatWindowå¤§å°: (800, 600)
[2025-12-03 01:19:32.766] main.cpp: ChatWindowä½ç½®: (100, 100)
[2025-12-03 01:21:19.287] main.cpp: ä¿¡å·æ§½è¿æ¥ç»æ:SUCCESS
[2025-12-03 01:21:23.894] LoginWindow: emitting loginSuccess signal with userId:22 userName:用户22
[2025-12-03 01:21:23.894] main.cpp: ç»å½æåä¿¡å·è§¦åï¼åå¤å¤çè·³è½¬ï¼userId:22 userName:用户22
[2025-12-03 01:21:23.998] main.cpp: ChatWindowæ¾ç¤ºæåï¼è·³è½¬å®æ
[2025-12-03 01:21:23.998] main.cpp: ChatWindowå¤§å°: (800, 600)
[2025-12-03 01:21:23.999] main.cpp: ChatWindowä½ç½®: (100, 100)
[2025-12-03 01:21:45.664] main.cpp: ä¿¡å·æ§½è¿æ¥ç»æ:SUCCESS
                                                                                                                                                                                                                                                                                                                                                                                                                                                                                                                        [2025-12-03 12:42:38.508] main.cpp: ä¿¡å·æ§½è¿æ¥ç»æ:SUCCESS
[2025-12-03 12:42:43.594] LoginWindow: emitting loginSuccess signal with userId:22 userName:用户22
[2025-12-03 12:42:43.594] main.cpp: ç»å½æåä¿¡å·è§¦åï¼åå¤å¤çè·³è½¬ï¼userId:22 userName:用户22
[2025-12-03 12:42:43.665] main.cpp: ChatWindowæ¾ç¤ºæåï¼è·³è½¬å®æ
[2025-12-03 12:42:43.665] main.cpp: ChatWindowå¤§å°: (800, 600)
[2025-12-03 12:42:43.665] main.cpp: ChatWindowä½ç½®: (100, 100)
[2025-12-03 12:42:51.919] main.cpp: ä¿¡å·æ§½è¿æ¥ç»æ:SUCCESS
[2025-12-03 12:42:56.903] LoginWindow: emitting loginSuccess signal with userId:31 userName:用户31
[2025-12-03 12:42:56.903] main.cpp: ç»å½æåä¿¡å·è§¦åï¼åå¤å¤çè·³è½¬ï¼userId:31 userName:用户31
[2025-12-03 12:42:56.962] main.cpp: ChatWindowæ¾ç¤ºæåï¼è·³è½¬å®æ
[2025-12-03 12:42:56.963] main.cpp: ChatWindowå¤§å°: (800, 600)
[2025-12-03 12:42:56.963] main.cpp: ChatWindowä½ç½®: (100, 100)
[2025-12-03 12:45:16.735] main.cpp: ä¿¡å·æ§½è¿æ¥ç»æ:SUCCESS
[2025-12-03 12:49:10.470] main.cpp: ä¿¡å·æ§½è¿æ¥ç»æ:SUCCESS
[2025-12-03 12:49:24.401] LoginWindow: emitting loginSuccess signal with userId:26 userName:用户26
[2025-12-03 12:49:24.401] main.cpp: ç»å½æåä¿¡å·è§¦åï¼åå¤å¤çè·³è½¬ï¼userId:26 userName:用户26
[2025-12-03 12:49:24.464] main.cpp: ChatWindowæ¾ç¤ºæåï¼è·³è½¬å®æ
[2025-12-03 12:49:24.464] main.cpp: ChatWindowå¤§å°: (800, 600)
[2025-12-03 12:49:24.464] main.cpp: ChatWindowä½ç½®: (100, 100)
[2025-12-03 12:52:18.559] main.cpp: ä¿¡å·æ§½è¿æ¥ç»æ:SUCCESS
[2025-12-03 12:56:56.691] main.cpp: ä¿¡å·æ§½è¿æ¥ç»æ:SUCCESS
[2025-12-03 12:57:04.584] LoginWindow: emitting loginSuccess signal with userId:22 userName:用户22
[2025-12-03 12:57:04.584] main.cpp: ç»å½æåä¿¡å·è§¦åï¼åå¤å¤çè·³è½¬ï¼userId:22 userName:用户22
[2025-12-03 12:57:04.643] main.cpp: ChatWindowæ¾ç¤ºæåï¼è·³è½¬å®æ
[2025-12-03 12:57:04.643] main.cpp: ChatWindowå¤§å°: (800, 600)
[2025-12-03 12:57:04.643] main.cpp: ChatWindowä½ç½®: (100, 100)
[2025-12-03 12:57:52.427] main.cpp: ä¿¡å·æ§½è¿æ¥ç»æ:SUCCESS
[2025-12-03 12:57:57.361] LoginWindow: emitting loginSuccess signal with userId:31 userName:用户31
[2025-12-03 12:57:57.361] main.cpp: ç»å½æåä¿¡å·è§¦åï¼åå¤å¤çè·³è½¬ï¼userId:31 userName:用户31
[2025-12-03 12:57:57.423] main.cpp: ChatWindowæ¾ç¤ºæåï¼è·³è½¬å®æ
[2025-12-03 12:57:57.423] main.cpp: ChatWindowå¤§å°: (800, 600)
[2025-12-03 12:57:57.423] main.cpp: ChatWindowä½ç½®: (100, 100)
[2025-12-03 13:11:18.802] main.cpp: ä¿¡å·æ§½è¿æ¥ç»æ:SUCCESS
[2025-12-03 13:11:22.390] LoginWindow: emitting loginSuccess signal with userId:22 userName:用户22
[2025-12-03 13:11:22.390] main.cpp: ç»å½æåä¿¡å·è§¦åï¼åå¤å¤çè·³è½¬ï¼userId:22 userName:用户22
[2025-12-03 13:11:22.450] main.cpp: ChatWindowæ¾ç¤ºæåï¼è·³è½¬å®æ
[2025-12-03 13:11:22.450] main.cpp: ChatWindowå¤§å°: (800, 600)
[2025-12-03 13:11:22.450] main.cpp: ChatWindowä½ç½®: (100, 100)
[2025-12-03 13:13:37.310] main.cpp: ä¿¡å·æ§½è¿æ¥ç»æ:SUCCESS
[2025-12-03 13:13:43.026] LoginWindow: emitting loginSuccess signal with userId:26 userName:用户26
[2025-12-03 13:13:43.026] main.cpp: ç»å½æåä¿¡å·è§¦åï¼åå¤å¤çè·³è½¬ï¼userId:26 userName:用户26
[2025-12-03 13:13:43.090] main.cpp: ChatWindowæ¾ç¤ºæåï¼è·³è½¬å®æ
[2025-12-03 13:13:43.090] main.cpp: ChatWindowå¤§å°: (800, 600)
[2025-12-03 13:13:43.090] main.cpp: ChatWindowä½ç½®: (100, 100)
[2025-12-03 13:38:14.004] main.cpp: ä¿¡å·æ§½è¿æ¥ç»æ:SUCCESS
[2025-12-03 13:38:19.028] LoginWindow: emitting loginSuccess signal with userId:22 userName:用户22
[2025-12-03 13:38:19.028] main.cpp: ç»å½æåä¿¡å·è§¦åï¼åå¤å¤çè·³è½¬ï¼userId:22 userName:用户22
[2025-12-03 13:38:19.087] main.cpp: ChatWindowæ¾ç¤ºæåï¼è·³è½¬å®æ
[2025-12-03 13:38:19.087] main.cpp: ChatWindowå¤§å°: (800, 600)
[2025-12-03 13:38:19.087] main.cpp: ChatWindowä½ç½®: (100, 100)
[2025-12-03 13:38:49.042] main.cpp: ä¿¡å·æ§½è¿æ¥ç»æ:SUCCESS
[2025-12-03 13:38:55.353] LoginWindow: emitting loginSuccess signal with userId:26 userName:用户26
[2025-12-03 13:38:55.353] main.cpp: ç»å½æåä¿¡å·è§¦åï¼åå¤å¤çè·³è½¬ï¼userId:26 userName:用户26
[2025-12-03 13:38:55.417] main.cpp: ChatWindowæ¾ç¤ºæåï¼è·³è½¬å®æ
[2025-12-03 13:38:55.418] main.cpp: ChatWindowå¤§å°: (800, 600)
[2025-12-03 13:38:55.418] main.cpp: ChatWindowä½ç½®: (100, 100)
[2025-12-03 13:44:10.695] main.cpp: ä¿¡å·æ§½è¿æ¥ç»æ:SUCCESS
[2025-12-03 13:44:14.825] LoginWindow: emitting loginSuccess signal with userId:22 userName:用户22
[2025-12-03 13:44:14.825] main.cpp: ç»å½æåä¿¡å·è§¦åï¼åå¤å¤çè·³è½¬ï¼userId:22 userName:用户22
[2025-12-03 13:44:14.888] main.cpp: ChatWindowæ¾ç¤ºæåï¼è·³è½¬å®æ
[2025-12-03 13:44:14.888] main.cpp: ChatWindowå¤§å°: (800, 600)
[2025-12-03 13:44:14.888] main.cpp: ChatWindowä½ç½®: (100, 100)
[2025-12-03 13:44:46.432] main.cpp: ä¿¡å·æ§½è¿æ¥ç»æ:SUCCESS
[2025-12-03 13:44:54.414] LoginWindow: emitting loginSuccess signal with userId:26 userName:用户26
[2025-12-03 13:44:54.414] main.cpp: ç»å½æåä¿¡å·è§¦åï¼åå¤å¤çè·³è½¬ï¼userId:26 userName:用户26
[2025-12-03 13:44:54.476] main.cpp: ChatWindowæ¾ç¤ºæåï¼è·³è½¬å®æ
[2025-12-03 13:44:54.476] main.cpp: ChatWindowå¤§å°: (800, 600)
[2025-12-03 13:44:54.476] main.cpp: ChatWindowä½ç½®: (100, 100)
[2025-12-03 16:18:04.393] main.cpp: ä¿¡å·æ§½è¿æ¥ç»æ:SUCCESS
[2025-12-03 16:18:08.381] LoginWindow: emitting loginSuccess signal with userId:22 userName:用户22
[2025-12-03 16:18:08.381] main.cpp: ç»å½æåä¿¡å·è§¦åï¼åå¤å¤çè·³è½¬ï¼userId:22 userName:用户22
[2025-12-03 16:18:08.440] main.cpp: ChatWindowæ¾ç¤ºæåï¼è·³è½¬å®æ
[2025-12-03 16:18:08.440] main.cpp: ChatWindowå¤§å°: (800, 600)
[2025-12-03 16:18:08.440] main.cpp: ChatWindowä½ç½®: (100, 100)
[2025-12-03 16:18:57.651] main.cpp: ä¿¡å·æ§½è¿æ¥ç»æ:SUCCESS
[2025-12-03 16:19:06.920] LoginWindow: emitting loginSuccess signal with userId:26 userName:用户26
[2025-12-03 16:19:06.920] main.cpp: ç»å½æåä¿¡å·è§¦åï¼åå¤å¤çè·³è½¬ï¼userId:26 userName:用户26
[2025-12-03 16:19:06.982] main.cpp: ChatWindowæ¾ç¤ºæåï¼è·³è½¬å®æ
[2025-12-03 16:19:06.982] main.cpp: ChatWindowå¤§å°: (800, 600)
[2025-12-03 16:19:06.982] main.cpp: ChatWindowä½ç½®: (100, 100)
[2025-12-03 16:27:43.384] main.cpp: ä¿¡å·æ§½è¿æ¥ç»æ:SUCCESS
[2025-12-03 16:27:47.633] LoginWindow: emitting loginSuccess signal with userId:22 userName:用户22
[2025-12-03 16:27:47.633] main.cpp: ç»å½æåä¿¡å·è§¦åï¼åå¤å¤çè·³è½¬ï¼userId:22 userName:用户22
[2025-12-03 16:27:47.693] main.cpp: ChatWindowæ¾ç¤ºæåï¼è·³è½¬å®æ
[2025-12-03 16:27:47.693] main.cpp: ChatWindowå¤§å°: (800, 600)
[2025-12-03 16:27:47.693] main.cpp: ChatWindowä½ç½®: (100, 100)
[2025-12-03 16:29:04.730] main.cpp: ä¿¡å·æ§½è¿æ¥ç»æ:SUCCESS
[2025-12-03 16:31:06.378] LoginWindow: emitting loginSuccess signal with userId:26 userName:用户26
[2025-12-03 16:31:06.378] main.cpp: ç»å½æåä¿¡å·è§¦åï¼åå¤å¤çè·³è½¬ï¼userId:26 userName:用户26
[2025-12-03 16:31:06.443] main.cpp: ChatWindowæ¾ç¤ºæåï¼è·³è½¬å®æ
[2025-12-03 16:31:06.443] main.cpp: ChatWindowå¤§å°: (800, 600)
[2025-12-03 16:31:06.443] main.cpp: ChatWindowä½ç½®: (100, 100)
[2025-12-03 16:39:28.933] main.cpp: ä¿¡å·æ§½è¿æ¥ç»æ:SUCCESS
[2025-12-03 16:39:33.167] LoginWindow: emitting loginSuccess signal with userId:22 userName:用户22
[2025-12-03 16:39:33.167] main.cpp: ç»å½æåä¿¡å·è§¦åï¼åå¤å¤çè·³è½¬ï¼userId:22 userName:用户22
[2025-12-03 16:39:33.226] main.cpp: ChatWindowæ¾ç¤ºæåï¼è·³è½¬å®æ
[2025-12-03 16:39:33.226] main.cpp: ChatWindowå¤§å°: (800, 600)
[2025-12-03 16:39:33.226] main.cpp: ChatWindowä½ç½®: (100, 100)
[2025-12-03 16:40:04.122] main.cpp: ä¿¡å·æ§½è¿æ¥ç»æ:SUCCESS
[2025-12-03 16:40:10.199] LoginWindow: emitting loginSuccess signal with userId:26 userName:用户26
[2025-12-03 16:40:10.199] main.cpp: ç»å½æåä¿¡å·è§¦åï¼åå¤å¤çè·³è½¬ï¼userId:26 userName:用户26
[2025-12-03 16:40:10.260] main.cpp: ChatWindowæ¾ç¤ºæåï¼è·³è½¬å®æ
[2025-12-03 16:40:10.260] main.cpp: ChatWindowå¤§å°: (800, 600)
[2025-12-03 16:40:10.260] main.cpp: ChatWindowä½ç½®: (100, 100)
[2025-12-03 16:45:11.978] main.cpp: ä¿¡å·æ§½è¿æ¥ç»æ:SUCCESS
[2025-12-03 16:45:15.674] LoginWindow: emitting loginSuccess signal with userId:22 userName:用户22
[2025-12-03 16:45:15.674] main.cpp: ç»å½æåä¿¡å·è§¦åï¼åå¤å¤çè·³è½¬ï¼userId:22 userName:用户22
[2025-12-03 16:45:15.733] main.cpp: ChatWindowæ¾ç¤ºæåï¼è·³è½¬å®æ
[2025-12-03 16:45:15.733] main.cpp: ChatWindowå¤§å°: (800, 600)
[2025-12-03 16:45:15.733] main.cpp: ChatWindowä½ç½®: (100, 100)
[2025-12-03 16:45:53.434] main.cpp: ä¿¡å·æ§½è¿æ¥ç»æ:SUCCESS
[2025-12-03 16:46:02.027] LoginWindow: emitting loginSuccess signal with userId:26 userName:用户26
[2025-12-03 16:46:02.027] main.cpp: ç»å½æåä¿¡å·è§¦åï¼åå¤å¤çè·³è½¬ï¼userId:26 userName:用户26
[2025-12-03 16:46:02.089] main.cpp: ChatWindowæ¾ç¤ºæåï¼è·³è½¬å®æ
[2025-12-03 16:46:02.089] main.cpp: ChatWindowå¤§å°: (800, 600)
[2025-12-03 16:46:02.089] main.cpp: ChatWindowä½ç½®: (100, 100)
[2025-12-03 16:47:51.541] main.cpp: ä¿¡å·æ§½è¿æ¥ç»æ:SUCCESS
[2025-12-03 16:47:56.460] LoginWindow: emitting loginSuccess signal with userId:26 userName:用户26
[2025-12-03 16:47:56.460] main.cpp: ç»å½æåä¿¡å·è§¦åï¼åå¤å¤çè·³è½¬ï¼userId:26 userName:用户26
[2025-12-03 16:47:56.523] main.cpp: ChatWindowæ¾ç¤ºæåï¼è·³è½¬å®æ
[2025-12-03 16:47:56.523] main.cpp: ChatWindowå¤§å°: (800, 600)
[2025-12-03 16:47:56.523] main.cpp: ChatWindowä½ç½®: (100, 100)
[2025-12-04 10:16:04.398] main.cpp: ä¿¡å·æ§½è¿æ¥ç»æ:SUCCESS
[2025-12-04 10:16:08.171] LoginWindow: emitting loginSuccess signal with userId:22 userName:用户22
[2025-12-04 10:16:08.171] main.cpp: ç»å½æåä¿¡å·è§¦åï¼åå¤å¤çè·³è½¬ï¼userId:22 userName:用户22
[2025-12-04 10:16:08.249] main.cpp: ChatWindowæ¾ç¤ºæåï¼è·³è½¬å®æ
[2025-12-04 10:16:08.249] main.cpp: ChatWindowå¤§å°: (800, 600)
[2025-12-04 10:16:08.249] main.cpp: ChatWindowä½ç½®: (100, 100)
[2025-12-04 10:18:45.832] main.cpp: ä¿¡å·æ§½è¿æ¥ç»æ:SUCCESS
[2025-12-04 10:18:48.571] LoginWindow: emitting loginSuccess signal with userId:22 userName:用户22
[2025-12-04 10:18:48.571] main.cpp: ç»å½æåä¿¡å·è§¦åï¼åå¤å¤çè·³è½¬ï¼userId:22 userName:用户22
[2025-12-04 10:18:48.633] main.cpp: ChatWindowæ¾ç¤ºæåï¼è·³è½¬å®æ
[2025-12-04 10:18:48.633] main.cpp: ChatWindowå¤§å°: (800, 600)
[2025-12-04 10:18:48.633] main.cpp: ChatWindowä½ç½®: (100, 100)
[2025-12-04 10:37:21.217] main.cpp: ä¿¡å·æ§½è¿æ¥ç»æ:SUCCESS
[2025-12-04 10:37:29.338] LoginWindow: emitting loginSuccess signal with userId:22 userName:用户22
[2025-12-04 10:37:29.339] main.cpp: ç»å½æåä¿¡å·è§¦åï¼åå¤å¤çè·³è½¬ï¼userId:22 userName:用户22
[2025-12-04 10:37:29.408] main.cpp: ChatWindowæ¾ç¤ºæåï¼è·³è½¬å®æ
[2025-12-04 10:37:29.408] main.cpp: ChatWindowå¤§å°: (800, 600)
[2025-12-04 10:37:29.408] main.cpp: ChatWindowä½ç½®: (100, 100)
[2025-12-04 10:38:17.333] main.cpp: ä¿¡å·æ§½è¿æ¥ç»æ:SUCCESS
[2025-12-04 10:38:22.071] LoginWindow: emitting loginSuccess signal with userId:26 userName:用户26
[2025-12-04 10:38:22.071] main.cpp: ç»å½æåä¿¡å·è§¦åï¼åå¤å¤çè·³è½¬ï¼userId:26 userName:用户26
[2025-12-04 10:38:22.134] main.cpp: ChatWindowæ¾ç¤ºæåï¼è·³è½¬å®æ
[2025-12-04 10:38:22.135] main.cpp: ChatWindowå¤§å°: (800, 600)
[2025-12-04 10:38:22.135] main.cpp: ChatWindowä½ç½®: (100, 100)
[2025-12-04 10:53:37.534] main.cpp: ä¿¡å·æ§½è¿æ¥ç»æ:SUCCESS
[2025-12-04 10:53:42.033] LoginWindow: emitting loginSuccess signal with userId:22 userName:用户22
[2025-12-04 10:53:42.033] main.cpp: ç»å½æåä¿¡å·è§¦åï¼åå¤å¤çè·³è½¬ï¼userId:22 userName:用户22
[2025-12-04 10:53:42.124] main.cpp: ChatWindowæ¾ç¤ºæåï¼è·³è½¬å®æ
[2025-12-04 10:53:42.124] main.cpp: ChatWindowå¤§å°: (800, 600)
[2025-12-04 10:53:42.124] main.cpp: ChatWindowä½ç½®: (100, 100)
[2025-12-04 10:54:03.943] main.cpp: ä¿¡å·æ§½è¿æ¥ç»æ:SUCCESS
[2025-12-04 10:54:08.234] LoginWindow: emitting loginSuccess signal with userId:26 userName:用户26
[2025-12-04 10:54:08.234] main.cpp: ç»å½æåä¿¡å·è§¦åï¼åå¤å¤çè·³è½¬ï¼userId:26 userName:用户26
[2025-12-04 10:54:08.296] main.cpp: ChatWindowæ¾ç¤ºæåï¼è·³è½¬å®æ
[2025-12-04 10:54:08.296] main.cpp: ChatWindowå¤§å°: (800, 600)
[2025-12-04 10:54:08.296] main.cpp: ChatWindowä½ç½®: (100, 100)
[2025-12-04 10:55:11.819] main.cpp: ä¿¡å·æ§½è¿æ¥ç»æ:SUCCESS
[2025-12-04 10:55:16.676] LoginWindow: emitting loginSuccess signal with userId:30 userName:用户30
[2025-12-04 10:55:16.676] main.cpp: ç»å½æåä¿¡å·è§¦åï¼åå¤å¤çè·³è½¬ï¼userId:30 userName:用户30
[2025-12-04 10:55:16.744] main.cpp: ChatWindowæ¾ç¤ºæåï¼è·³è½¬å®æ
[2025-12-04 10:55:16.744] main.cpp: ChatWindowå¤§å°: (800, 600)
[2025-12-04 10:55:16.744] main.cpp: ChatWindowä½ç½®: (100, 100)
[2025-12-04 11:00:06.137] main.cpp: ä¿¡å·æ§½è¿æ¥ç»æ:SUCCESS
[2025-12-04 11:01:21.810] LoginWindow: emitting loginSuccess signal with userId:22 userName:用户22
[2025-12-04 11:01:21.810] main.cpp: ç»å½æåä¿¡å·è§¦åï¼åå¤å¤çè·³è½¬ï¼userId:22 userName:用户22
[2025-12-04 11:01:21.873] main.cpp: ChatWindowæ¾ç¤ºæåï¼è·³è½¬å®æ
[2025-12-04 11:01:21.873] main.cpp: ChatWindowå¤§å°: (800, 600)
[2025-12-04 11:01:21.873] main.cpp: ChatWindowä½ç½®: (100, 100)
[2025-12-04 11:02:26.069] main.cpp: ä¿¡å·æ§½è¿æ¥ç»æ:SUCCESS
[2025-12-04 11:02:46.969] LoginWindow: emitting loginSuccess signal with userId:22 userName:用户22
[2025-12-04 11:02:46.969] main.cpp: ç»å½æåä¿¡å·è§¦åï¼åå¤å¤çè·³è½¬ï¼userId:22 userName:用户22
[2025-12-04 11:02:47.032] main.cpp: ChatWindowæ¾ç¤ºæåï¼è·³è½¬å®æ
[2025-12-04 11:02:47.033] main.cpp: ChatWindowå¤§å°: (800, 600)
[2025-12-04 11:02:47.033] main.cpp: ChatWindowä½ç½®: (100, 100)
[2025-12-04 11:21:34.201] main.cpp: ä¿¡å·æ§½è¿æ¥ç»æ:SUCCESS
[2025-12-04 11:21:44.117] LoginWindow: emitting loginSuccess signal with userId:22 userName:用户22
[2025-12-04 11:21:44.117] main.cpp: ç»å½æåä¿¡å·è§¦åï¼åå¤å¤çè·³è½¬ï¼userId:22 userName:用户22
[2025-12-04 11:21:44.267] main.cpp: ChatWindowæ¾ç¤ºæåï¼è·³è½¬å®æ
[2025-12-04 11:21:44.267] main.cpp: ChatWindowå¤§å°: (800, 600)
[2025-12-04 11:21:44.268] main.cpp: ChatWindowä½ç½®: (100, 100)
[2025-12-04 11:27:13.827] LoginWindow: emitting loginSuccess signal with userId:22 userName:用户22
[2025-12-20 18:48:30.289] LoginWindow: emitting loginSuccess signal with userId:22 userName:用户22
[2025-12-20 18:49:15.569] LoginWindow: emitting loginSuccess signal with userId:26 userName:用户26
[2025-12-20 18:50:17.912] LoginWindow: emitting loginSuccess signal with userId:22 userName:用户22
[2025-12-24 21:13:43.583] LoginWindow: emitting loginSuccess signal with userId:22 userName:用户22
[2025-12-24 21:14:02.085] LoginWindow: emitting loginSuccess signal with userId:26 userName:用户26
[2025-12-24 21:20:43.866] LoginWindow: emitting loginSuccess signal with userId:22 userName:用户22
[2025-12-24 21:21:03.500] LoginWindow: emitting loginSuccess signal with userId:26 userName:用户26
[2025-12-24 21:31:48.524] LoginWindow: emitting loginSuccess signal with userId:22 userName:用户22
[2025-12-24 21:32:05.569] LoginWindow: emitting loginSuccess signal with userId:26 userName:用户26
[2025-12-24 21:38:38.248] LoginWindow: emitting loginSuccess signal with userId:22 userName:用户22
[2025-12-24 21:39:00.940] LoginWindow: emitting loginSuccess signal with userId:26 userName:用户26
[2025-12-24 22:37:57.173] LoginWindow: emitting loginSuccess signal with userId:22 userName:用户22
[2025-12-24 22:38:10.375] LoginWindow: emitting loginSuccess signal with userId:26 userName:用户26
[2025-12-24 22:53:38.554] LoginWindow: emitting loginSuccess signal with userId:22 userName:用户22
[2025-12-24 22:53:55.023] LoginWindow: emitting loginSuccess signal with userId:26 userName:用户26
[2025-12-24 22:57:58.147] LoginWindow: emitting loginSuccess signal with userId:22 userName:用户22
[2025-12-24 22:58:12.780] LoginWindow: emitting loginSuccess signal with userId:26 userName:用户26
[2025-12-24 23:02:48.105] LoginWindow: emitting loginSuccess signal with userId:22 userName:用户22
[2025-12-24 23:02:54.534] LoginWindow: emitting loginSuccess signal with userId:26 userName:用户26
[2025-12-24 23:08:24.543] LoginWindow: emitting loginSuccess signal with userId:22 userName:用户22
[2025-12-24 23:08:31.279] LoginWindow: emitting loginSuccess signal with userId:26 userName:用户26
[2025-12-24 23:11:55.429] LoginWindow: emitting loginSuccess signal with userId:22 userName:用户22
[2025-12-24 23:12:10.476] LoginWindow: emitting loginSuccess signal with userId:26 userName:用户26
[2025-12-24 23:16:05.766] LoginWindow: emitting loginSuccess signal with userId:22 userName:用户22
[2025-12-24 23:16:20.331] LoginWindow: emitting loginSuccess signal with userId:26 userName:用户26
[2025-12-24 23:31:11.801] LoginWindow: emitting loginSuccess signal with userId:22 userName:用户22
[2025-12-24 23:31:26.901] LoginWindow: emitting loginSuccess signal with userId:26 userName:用户26
[2025-12-24 23:34:58.530] LoginWindow: emitting loginSuccess signal with userId:22 userName:用户22
[2025-12-24 23:35:11.404] LoginWindow: emitting loginSuccess signal with userId:26 userName:用户26
[2025-12-25 00:03:49.386] LoginWindow: emitting loginSuccess signal with userId:22 userName:用户22
[2025-12-25 00:03:57.702] LoginWindow: emitting loginSuccess signal with userId:26 userName:用户26
[2025-12-25 00:23:16.874] LoginWindow: emitting loginSuccess signal with userId:22 userName:用户22
[2025-12-25 00:23:23.979] LoginWindow: emitting loginSuccess signal with userId:26 userName:用户26
[2025-12-25 00:33:07.628] LoginWindow: emitting loginSuccess signal with userId:22 userName:用户22
[2025-12-25 00:33:16.936] LoginWindow: emitting loginSuccess signal with userId:26 userName:用户26
[2025-12-25 13:31:32.295] LoginWindow: emitting loginSuccess signal with userId:22 userName:用户22
[2025-12-25 13:31:54.250] LoginWindow: emitting loginSuccess signal with userId:26 userName:用户26
[2025-12-25 13:37:21.903] LoginWindow: emitting loginSuccess signal with userId:22 userName:用户22
[2025-12-25 13:37:37.776] LoginWindow: emitting loginSuccess signal with userId:26 userName:用户26
[2025-12-25 13:41:44.131] LoginWindow: emitting loginSuccess signal with userId:22 userName:用户22
[2025-12-25 13:41:56.289] LoginWindow: emitting loginSuccess signal with userId:26 userName:用户26
[2025-12-25 13:47:03.559] LoginWindow: emitting loginSuccess signal with userId:22 userName:用户22
[2025-12-25 13:47:15.764] LoginWindow: emitting loginSuccess signal with userId:26 userName:用户26
[2025-12-25 13:53:40.767] LoginWindow: emitting loginSuccess signal with userId:22 userName:用户22
[2025-12-25 13:53:54.327] LoginWindow: emitting loginSuccess signal with userId:26 userName:用户26
[2025-12-25 16:46:41.210] LoginWindow: emitting loginSuccess signal with userId:22 userName:用户22
[2025-12-25 16:46:58.176] LoginWindow: emitting loginSuccess signal with userId:26 userName:用户26
[2025-12-25 16:59:47.219] LoginWindow: emitting loginSuccess signal with userId:22 userName:用户22
[2025-12-25 17:01:08.784] LoginWindow: emitting loginSuccess signal with userId:26 userName:用户26
[2025-12-25 17:05:26.812] LoginWindow: emitting loginSuccess signal with userId:22 userName:用户22
[2025-12-25 17:05:33.808] LoginWindow: emitting loginSuccess signal with userId:26 userName:用户26
[2025-12-25 17:13:08.501] LoginWindow: emitting loginSuccess signal with userId:22 userName:用户22
[2025-12-25 17:13:20.886] LoginWindow: emitting loginSuccess signal with userId:26 userName:用户26
[2025-12-25 17:26:35.280] LoginWindow: emitting loginSuccess signal with userId:22 userName:用户22
[2025-12-25 17:26:45.397] LoginWindow: emitting loginSuccess signal with userId:26 userName:用户26
[2025-12-25 17:46:19.998] LoginWindow: emitting loginSuccess signal with userId:22 userName:用户22
[2025-12-25 17:48:21.161] LoginWindow: emitting loginSuccess signal with userId:22 userName:用户22
[2025-12-25 17:50:01.534] LoginWindow: emitting loginSuccess signal with userId:22 userName:用户22
[2025-12-25 17:52:22.553] LoginWindow: emitting loginSuccess signal with userId:22 userName:用户22
[2025-12-25 17:53:48.050] LoginWindow: emitting loginSuccess signal with userId:22 userName:用户22
[2025-12-25 18:06:57.993] LoginWindow: emitting loginSuccess signal with userId:22 userName:用户22
[2025-12-25 18:11:07.631] LoginWindow: emitting loginSuccess signal with userId:22 userName:用户22
[2025-12-25 18:13:01.544] LoginWindow: emitting loginSuccess signal with userId:22 userName:用户22
[2025-12-25 18:19:33.340] LoginWindow: emitting loginSuccess signal with userId:22 userName:用户22
[2025-12-25 18:21:24.399] LoginWindow: emitting loginSuccess signal with userId:22 userName:用户22
[2025-12-25 18:24:36.743] LoginWindow: emitting loginSuccess signal with userId:22 userName:用户22
[2025-12-25 18:27:28.559] LoginWindow: emitting loginSuccess signal with userId:22 userName:用户22
[2025-12-25 18:27:52.019] LoginWindow: emitting loginSuccess signal with userId:26 userName:用户26
[2025-12-25 18:32:53.584] LoginWindow: emitting loginSuccess signal with userId:22 userName:用户22
[2025-12-25 18:33:07.651] LoginWindow: emitting loginSuccess signal with userId:26 userName:用户26
[2025-12-25 21:49:29.281] LoginWindow: emitting loginSuccess signal with userId:22 userName:用户22
[2025-12-25 21:49:44.173] LoginWindow: emitting loginSuccess signal with userId:26 userName:用户26
[2025-12-25 21:55:15.855] LoginWindow: emitting loginSuccess signal with userId:22 userName:用户22
[2025-12-25 21:55:22.067] LoginWindow: emitting loginSuccess signal with userId:26 userName:用户26
[2025-12-25 22:01:12.133] LoginWindow: emitting loginSuccess signal with userId:22 userName:用户22
[2025-12-25 22:01:25.530] LoginWindow: emitting loginSuccess signal with userId:26 userName:用户26
[2025-12-25 22:08:21.136] LoginWindow: emitting loginSuccess signal with userId:22 userName:用户22
[2025-12-25 22:08:32.120] LoginWindow: emitting loginSuccess signal with userId:26 userName:用户26
[2025-12-25 22:15:23.523] LoginWindow: emitting loginSuccess signal with userId:22 userName:用户22
[2025-12-25 22:15:38.274] LoginWindow: emitting loginSuccess signal with userId:26 userName:用户26
[2025-12-25 22:54:18.665] LoginWindow: emitting loginSuccess signal with userId:22 userName:用户22
[2025-12-25 22:54:29.136] LoginWindow: emitting loginSuccess signal with userId:26 userName:用户26
[2025-12-30 17:17:22.236] LoginWindow: emitting loginSuccess signal with userId:22 userName:用户22
[2025-12-30 17:18:09.756] LoginWindow: emitting loginSuccess signal with userId:26 userName:用户26
[2025-12-30 17:22:34.629] LoginWindow: emitting loginSuccess signal with userId:22 userName:用户22
[2025-12-30 17:22:45.224] LoginWindow: emitting loginSuccess signal with userId:26 userName:用户26
[2025-12-30 17:25:35.430] LoginWindow: emitting loginSuccess signal with userId:22 userName:用户22
[2025-12-30 17:25:45.317] LoginWindow: emitting loginSuccess signal with userId:26 userName:用户26
[2025-12-30 17:26:20.356] LoginWindow: emitting loginSuccess signal with userId:22 userName:用户22
[2025-12-30 17:26:39.959] LoginWindow: emitting loginSuccess signal with userId:26 userName:用户26
[2025-12-30 18:28:36.691] LoginWindow: emitting loginSuccess signal with userId:22 userName:用户22
[2025-12-30 18:51:40.922] LoginWindow: emitting loginSuccess signal with userId:32 userName:
[2025-12-30 18:56:33.005] LoginWindow: emitting loginSuccess signal with userId:32 userName:用户32
[2025-12-30 19:02:00.685] LoginWindow: emitting loginSuccess signal with userId:32 userName:用户32
[2025-12-30 19:09:25.094] LoginWindow: emitting loginSuccess signal with userId:32 userName:用户32
[2025-12-30 20:52:19.734] LoginWindow: emitting loginSuccess signal with userId:32 userName:用户32
[2025-12-30 20:57:40.411] LoginWindow: emitting loginSuccess signal with userId:32 userName:用户32
[2025-12-30 21:32:28.325] LoginWindow: emitting loginSuccess signal with userId:32 userName:用户32
[2025-12-30 21:56:31.517] LoginWindow: emitting loginSuccess signal with userId:32 userName:用户32
[2025-12-30 21:56:55.440] LoginWindow: emitting loginSuccess signal with userId:22 userName:用户22
[2025-12-30 22:03:35.670] LoginWindow: emitting loginSuccess signal with userId:32 userName:用户32
[2025-12-30 22:04:23.564] LoginWindow: emitting loginSuccess signal with userId:22 userName:用户22
[2025-12-30 22:09:50.797] LoginWindow: emitting loginSuccess signal with userId:32 userName:用户32
[2025-12-30 22:10:04.870] LoginWindow: emitting loginSuccess signal with userId:22 userName:用户22
[2025-12-30 22:13:04.555] LoginWindow: emitting loginSuccess signal with userId:32 userName:用户32
[2025-12-30 22:13:31.944] LoginWindow: emitting loginSuccess signal with userId:22 userName:用户22
[2025-12-30 22:17:07.903] LoginWindow: emitting loginSuccess signal with userId:32 userName:用户32
[2025-12-30 22:36:01.792] LoginWindow: emitting loginSuccess signal with userId:32 userName:用户32
[2025-12-30 22:54:23.036] LoginWindow: emitting loginSuccess signal with userId:32 userName:用户32
[2025-12-30 22:54:49.063] LoginWindow: emitting loginSuccess signal with userId:22 userName:用户22
[2025-12-30 23:02:34.847] LoginWindow: emitting loginSuccess signal with userId:32 userName:用户32
[2025-12-30 23:19:45.235] LoginWindow: emitting loginSuccess signal with userId:32 userName:用户32
[2025-12-30 23:23:16.035] LoginWindow: emitting loginSuccess signal with userId:32 userName:用户32
[2025-12-30 23:26:38.686] LoginWindow: emitting loginSuccess signal with userId:32 userName:用户32
[2025-12-30 23:29:11.468] LoginWindow: emitting loginSuccess signal with userId:32 userName:用户32
[2025-12-30 23:32:00.921] LoginWindow: emitting loginSuccess signal with userId:32 userName:用户32
[2025-12-30 23:37:32.371] LoginWindow: emitting loginSuccess signal with userId:32 userName:用户32
[2025-12-30 23:44:58.152] LoginWindow: emitting loginSuccess signal with userId:32 userName:用户32
[2025-12-30 23:45:25.218] LoginWindow: emitting loginSuccess signal with userId:22 userName:用户22
[2025-12-30 23:49:04.072] LoginWindow: emitting loginSuccess signal with userId:32 userName:用户32
[2025-12-30 23:53:00.297] LoginWindow: emitting loginSuccess signal with userId:32 userName:用户32
[2025-12-30 23:53:33.531] LoginWindow: emitting loginSuccess signal with userId:32 userName:用户32
[2025-12-30 23:58:30.568] LoginWindow: emitting loginSuccess signal with userId:32 userName:用户32
[2025-12-30 23:58:57.570] LoginWindow: emitting loginSuccess signal with userId:32 userName:用户32
[2025-12-31 00:09:08.732] LoginWindow: emitting loginSuccess signal with userId:32 userName:用户32
[2025-12-31 00:13:15.347] LoginWindow: emitting loginSuccess signal with userId:32 userName:用户32
[2025-12-31 00:13:51.575] LoginWindow: emitting loginSuccess signal with userId:32 userName:用户32
[2025-12-31 00:17:48.140] LoginWindow: emitting loginSuccess signal with userId:32 userName:用户32
[2025-12-31 00:21:17.691] LoginWindow: emitting loginSuccess signal with userId:32 userName:用户32
[2025-12-31 00:21:56.476] LoginWindow: emitting loginSuccess signal with userId:32 userName:用户32
[2025-12-31 00:25:51.300] LoginWindow: emitting loginSuccess signal with userId:32 userName:用户32
[2025-12-31 00:32:29.866] LoginWindow: emitting loginSuccess signal with userId:32 userName:用户32
[2025-12-31 00:35:26.229] LoginWindow: emitting loginSuccess signal with userId:32 userName:用户32
[2025-12-31 00:44:01.384] LoginWindow: emitting loginSuccess signal with userId:32 userName:用户32
[2025-12-31 00:44:34.599] LoginWindow: emitting loginSuccess signal with userId:32 userName:用户32
[2025-12-31 00:49:39.262] LoginWindow: emitting loginSuccess signal with userId:32 userName:用户32
[2025-12-31 00:50:09.455] LoginWindow: emitting loginSuccess signal with userId:32 userName:用户32
[2025-12-31 00:54:38.434] LoginWindow: emitting loginSuccess signal with userId:32 userName:用户32
[2025-12-31 00:55:08.562] LoginWindow: emitting loginSuccess signal with userId:32 userName:用户32
[2025-12-31 01:02:09.483] LoginWindow: emitting loginSuccess signal with userId:32 userName:用户32
[2025-12-31 01:02:59.182] LoginWindow: emitting loginSuccess signal with userId:32 userName:用户32
[2025-12-31 01:12:48.499] LoginWindow: emitting loginSuccess signal with userId:32 userName:用户32
[2025-12-31 01:13:16.233] LoginWindow: emitting loginSuccess signal with userId:32 userName:用户32
[2025-12-31 01:16:45.876] LoginWindow: emitting loginSuccess signal with userId:32 userName:用户32
[2025-12-31 01:17:11.700] LoginWindow: emitting loginSuccess signal with userId:32 userName:用户32
[2025-12-31 01:19:53.395] LoginWindow: emitting loginSuccess signal with userId:32 userName:用户32
[2025-12-31 01:20:17.389] LoginWindow: emitting loginSuccess signal with userId:32 userName:用户32
[2025-12-31 10:54:57.069] LoginWindow: emitting loginSuccess signal with userId:32 userName:用户32
[2025-12-31 10:59:19.770] LoginWindow: emitting loginSuccess signal with userId:32 userName:用户32
[2025-12-31 11:02:14.439] LoginWindow: emitting loginSuccess signal with userId:32 userName:用户32
[2025-12-31 11:02:43.464] LoginWindow: emitting loginSuccess signal with userId:22 userName:用户22
[2025-12-31 11:07:19.933] LoginWindow: emitting loginSuccess signal with userId:32 userName:用户32
[2025-12-31 11:09:09.946] LoginWindow: emitting loginSuccess signal with userId:32 userName:用户32
[2025-12-31 11:13:05.207] LoginWindow: emitting loginSuccess signal with userId:32 userName:用户32
[2025-12-31 11:17:04.278] LoginWindow: emitting loginSuccess signal with userId:32 userName:用户32
[2025-12-31 11:20:48.268] LoginWindow: emitting loginSuccess signal with userId:32 userName:用户32
[2025-12-31 11:24:33.543] LoginWindow: emitting loginSuccess signal with userId:32 userName:用户32
[2025-12-31 11:27:50.793] LoginWindow: emitting loginSuccess signal with userId:32 userName:用户32
[2025-12-31 11:37:24.048] LoginWindow: emitting loginSuccess signal with userId:32 userName:用户32
[2025-12-31 11:44:43.542] LoginWindow: emitting loginSuccess signal with userId:32 userName:用户32
[2025-12-31 11:47:46.791] LoginWindow: emitting loginSuccess signal with userId:32 userName:用户32
[2025-12-31 11:50:13.611] LoginWindow: emitting loginSuccess signal with userId:32 userName:用户32
[2025-12-31 11:53:01.185] LoginWindow: emitting loginSuccess signal with userId:32 userName:用户32
[2025-12-31 11:53:58.536] LoginWindow: emitting loginSuccess signal with userId:22 userName:用户22
[2025-12-31 11:54:31.779] LoginWindow: emitting loginSuccess signal with userId:22 userName:用户22
[2025-12-31 11:58:35.023] LoginWindow: emitting loginSuccess signal with userId:32 userName:用户32
[2025-12-31 12:01:46.989] LoginWindow: emitting loginSuccess signal with userId:32 userName:用户32
[2025-12-31 12:06:41.881] LoginWindow: emitting loginSuccess signal with userId:32 userName:用户32
[2025-12-31 12:13:19.529] LoginWindow: emitting loginSuccess signal with userId:32 userName:用户32
[2026-01-12 23:29:39.830] LoginWindow: emitting loginSuccess signal with userId:22 userName:用户22
[2026-01-12 23:30:24.086] LoginWindow: emitting loginSuccess signal with userId:32 userName:用户32
[2026-01-12 23:55:03.733] LoginWindow: emitting loginSuccess signal with userId:22 userName:用户22
[2026-01-12 23:58:08.928] LoginWindow: emitting loginSuccess signal with userId:22 userName:用户22
[2026-01-12 23:58:54.802] LoginWindow: emitting loginSuccess signal with userId:32 userName:用户32
[2026-01-13 00:08:35.247] LoginWindow: emitting loginSuccess signal with userId:22 userName:用户22
[2026-01-13 00:11:01.768] LoginWindow: emitting loginSuccess signal with userId:22 userName:用户22
[2026-01-13 00:14:38.173] LoginWindow: emitting loginSuccess signal with userId:22 userName:用户22
[2026-01-13 00:17:38.110] LoginWindow: emitting loginSuccess signal with userId:22 userName:用户22
[2026-01-13 00:49:36.287] LoginWindow: emitting loginSuccess signal with userId:22 userName:用户22
[2026-01-13 00:49:50.350] LoginWindow: emitting loginSuccess signal with userId:32 userName:用户32
[2026-01-13 00:58:40.783] LoginWindow: emitting loginSuccess signal with userId:22 userName:用户22
[2026-01-13 00:58:56.743] LoginWindow: emitting loginSuccess signal with userId:32 userName:用户32
[2026-01-13 01:04:26.569] LoginWindow: emitting loginSuccess signal with userId:22 userName:用户22
[2026-01-13 01:05:52.970] LoginWindow: emitting loginSuccess signal with userId:22 userName:用户22
[2026-01-13 01:06:07.725] LoginWindow: emitting loginSuccess signal with userId:32 userName:用户32
[2026-01-13 10:35:09.781] LoginWindow: emitting loginSuccess signal with userId:22 userName:用户22
[2026-01-13 10:43:13.317] LoginWindow: emitting loginSuccess signal with userId:22 userName:用户22
[2026-01-13 10:48:10.667] LoginWindow: emitting loginSuccess signal with userId:22 userName:用户22
[2026-01-13 10:53:21.601] LoginWindow: emitting loginSuccess signal with userId:22 userName:用户22
[2026-01-13 10:53:41.432] LoginWindow: emitting loginSuccess signal with userId:32 userName:用户32
[2026-01-13 10:59:14.188] LoginWindow: emitting loginSuccess signal with userId:22 userName:用户22
[2026-01-13 10:59:31.518] LoginWindow: emitting loginSuccess signal with userId:32 userName:用户32
[2026-01-13 11:08:33.774] LoginWindow: emitting loginSuccess signal with userId:22 userName:用户22
[2026-01-13 11:12:41.216] LoginWindow: emitting loginSuccess signal with userId:22 userName:用户22
[2026-01-13 11:13:12.772] LoginWindow: emitting loginSuccess signal with userId:32 userName:用户32
[2026-01-13 14:27:30.312] LoginWindow: emitting loginSuccess signal with userId:22 userName:用户22
[2026-01-13 14:27:46.889] LoginWindow: emitting loginSuccess signal with userId:32 userName:用户32
[2026-01-13 14:31:17.210] LoginWindow: emitting loginSuccess signal with userId:22 userName:用户22
[2026-01-13 14:31:30.451] LoginWindow: emitting loginSuccess signal with userId:32 userName:用户32
[2026-01-13 14:43:45.471] LoginWindow: emitting loginSuccess signal with userId:22 userName:用户22
[2026-01-13 14:43:57.555] LoginWindow: emitting loginSuccess signal with userId:32 userName:用户32
[2026-01-13 15:07:36.461] LoginWindow: emitting loginSuccess signal with userId:22 userName:用户22
[2026-01-13 15:07:55.895] LoginWindow: emitting loginSuccess signal with userId:32 userName:用户32
[2026-01-13 15:13:19.925] LoginWindow: emitting loginSuccess signal with userId:22 userName:用户22
[2026-01-13 15:13:36.452] LoginWindow: emitting loginSuccess signal with userId:32 userName:用户32
[2026-01-13 15:17:19.514] LoginWindow: emitting loginSuccess signal with userId:22 userName:用户22
[2026-01-13 15:17:23.148] LoginWindow: emitting loginSuccess signal with userId:32 userName:用户32
[2026-01-13 15:25:29.618] LoginWindow: emitting loginSuccess signal with userId:22 userName:用户22
[2026-01-13 15:25:33.995] LoginWindow: emitting loginSuccess signal with userId:32 userName:用户32
[2026-01-13 15:46:11.580] LoginWindow: emitting loginSuccess signal with userId:22 userName:用户22
[2026-01-13 15:46:25.118] LoginWindow: emitting loginSuccess signal with userId:32 userName:用户32
[2026-01-13 15:49:02.384] LoginWindow: emitting loginSuccess signal with userId:22 userName:用户22
[2026-01-13 15:51:07.809] LoginWindow: emitting loginSuccess signal with userId:32 userName:用户32
[2026-01-13 15:57:35.570] LoginWindow: emitting loginSuccess signal with userId:22 userName:用户22
[2026-01-13 16:05:18.221] LoginWindow: emitting loginSuccess signal with userId:22 userName:用户22
[2026-01-13 16:06:15.555] LoginWindow: emitting loginSuccess signal with userId:32 userName:用户32
[2026-01-13 16:13:06.585] LoginWindow: emitting loginSuccess signal with userId:22 userName:用户22
[2026-01-13 16:13:16.178] LoginWindow: emitting loginSuccess signal with userId:32 userName:用户32
[2026-01-13 16:13:47.283] LoginWindow: emitting loginSuccess signal with userId:32 userName:用户32
[2026-01-13 16:21:25.236] LoginWindow: emitting loginSuccess signal with userId:32 userName:用户32
[2026-01-13 16:47:53.554] LoginWindow: emitting loginSuccess signal with userId:33 userName:
[2026-01-13 16:51:51.715] LoginWindow: emitting loginSuccess signal with userId:34 userName:
[2026-01-13 16:56:12.815] LoginWindow: emitting loginSuccess signal with userId:35 userName:
[2026-01-13 17:49:14.038] LoginWindow: emitting loginSuccess signal with userId:36 userName:
[2026-01-13 17:49:44.361] LoginWindow: emitting loginSuccess signal with userId:22 userName:用户22
[2026-01-13 17:57:55.386] LoginWindow: emitting loginSuccess signal with userId:22 userName:用户22
[2026-01-13 18:11:52.652] LoginWindow: emitting loginSuccess signal with userId:22 userName:用户22
[2026-01-13 18:40:01.647] LoginWindow: emitting loginSuccess signal with userId:32 userName:用户32
[2026-01-13 18:40:39.065] LoginWindow: emitting loginSuccess signal with userId:22 userName:用户22
[2026-01-13 18:46:14.369] LoginWindow: emitting loginSuccess signal with userId:22 userName:用户22
[2026-01-13 18:47:15.636] LoginWindow: emitting loginSuccess signal with userId:22 userName:用户22
[2026-01-13 18:47:52.903] LoginWindow: emitting loginSuccess signal with userId:32 userName:用户32
[2026-01-13 18:48:32.691] LoginWindow: emitting loginSuccess signal with userId:22 userName:用户22
[2026-01-13 19:00:09.523] LoginWindow: emitting loginSuccess signal with userId:22 userName:用户22
[2026-01-13 19:04:24.048] LoginWindow: emitting loginSuccess signal with userId:22 userName:用户22
[2026-01-13 19:08:44.319] LoginWindow: emitting loginSuccess signal with userId:22 userName:用户22
[2026-01-13 19:11:34.323] LoginWindow: emitting loginSuccess signal with userId:22 userName:用户22
[2026-01-13 19:15:49.398] LoginWindow: emitting loginSuccess signal with userId:22 userName:用户22
[2026-01-13 19:59:24.101] LoginWindow: emitting loginSuccess signal with userId:22 userName:用户22
[2026-01-13 20:21:54.564] LoginWindow: emitting loginSuccess signal with userId:22 userName:用户22
[2026-01-13 20:22:12.412] LoginWindow: emitting loginSuccess signal with userId:22 userName:用户22
[2026-01-13 23:03:15.371] LoginWindow: emitting loginSuccess signal with userId:22 userName:用户22
